Archive member included to satisfy reference by file (symbol)

/Applications/STM32CubeIDE.app/Contents/Eclipse/plugins/com.st.stm32cube.ide.mcu.externaltools.gnu-tools-for-stm32.11.3.rel1.macos64_1.1.100.202310310803/tools/bin/../lib/gcc/arm-none-eabi/11.3.1/../../../../arm-none-eabi/lib/thumb/v7e-m+fp/hard/libc_nano.a(libc_a-exit.o)
                              /Applications/STM32CubeIDE.app/Contents/Eclipse/plugins/com.st.stm32cube.ide.mcu.externaltools.gnu-tools-for-stm32.11.3.rel1.macos64_1.1.100.202310310803/tools/bin/../lib/gcc/arm-none-eabi/11.3.1/../../../../arm-none-eabi/lib/thumb/v7e-m+fp/hard/crt0.o (exit)
/Applications/STM32CubeIDE.app/Contents/Eclipse/plugins/com.st.stm32cube.ide.mcu.externaltools.gnu-tools-for-stm32.11.3.rel1.macos64_1.1.100.202310310803/tools/bin/../lib/gcc/arm-none-eabi/11.3.1/../../../../arm-none-eabi/lib/thumb/v7e-m+fp/hard/libc_nano.a(libc_a-findfp.o)
                              /Applications/STM32CubeIDE.app/Contents/Eclipse/plugins/com.st.stm32cube.ide.mcu.externaltools.gnu-tools-for-stm32.11.3.rel1.macos64_1.1.100.202310310803/tools/bin/../lib/gcc/arm-none-eabi/11.3.1/../../../../arm-none-eabi/lib/thumb/v7e-m+fp/hard/libc_nano.a(libc_a-exit.o) (__stdio_exit_handler)
/Applications/STM32CubeIDE.app/Contents/Eclipse/plugins/com.st.stm32cube.ide.mcu.externaltools.gnu-tools-for-stm32.11.3.rel1.macos64_1.1.100.202310310803/tools/bin/../lib/gcc/arm-none-eabi/11.3.1/../../../../arm-none-eabi/lib/thumb/v7e-m+fp/hard/libc_nano.a(libc_a-fwalk.o)
                              /Applications/STM32CubeIDE.app/Contents/Eclipse/plugins/com.st.stm32cube.ide.mcu.externaltools.gnu-tools-for-stm32.11.3.rel1.macos64_1.1.100.202310310803/tools/bin/../lib/gcc/arm-none-eabi/11.3.1/../../../../arm-none-eabi/lib/thumb/v7e-m+fp/hard/libc_nano.a(libc_a-findfp.o) (_fwalk_sglue)
/Applications/STM32CubeIDE.app/Contents/Eclipse/plugins/com.st.stm32cube.ide.mcu.externaltools.gnu-tools-for-stm32.11.3.rel1.macos64_1.1.100.202310310803/tools/bin/../lib/gcc/arm-none-eabi/11.3.1/../../../../arm-none-eabi/lib/thumb/v7e-m+fp/hard/libc_nano.a(libc_a-memcmp.o)
                              ./Core/Src/main.o (memcmp)
/Applications/STM32CubeIDE.app/Contents/Eclipse/plugins/com.st.stm32cube.ide.mcu.externaltools.gnu-tools-for-stm32.11.3.rel1.macos64_1.1.100.202310310803/tools/bin/../lib/gcc/arm-none-eabi/11.3.1/../../../../arm-none-eabi/lib/thumb/v7e-m+fp/hard/libc_nano.a(libc_a-memset.o)
                              /Applications/STM32CubeIDE.app/Contents/Eclipse/plugins/com.st.stm32cube.ide.mcu.externaltools.gnu-tools-for-stm32.11.3.rel1.macos64_1.1.100.202310310803/tools/bin/../lib/gcc/arm-none-eabi/11.3.1/../../../../arm-none-eabi/lib/thumb/v7e-m+fp/hard/crt0.o (memset)
/Applications/STM32CubeIDE.app/Contents/Eclipse/plugins/com.st.stm32cube.ide.mcu.externaltools.gnu-tools-for-stm32.11.3.rel1.macos64_1.1.100.202310310803/tools/bin/../lib/gcc/arm-none-eabi/11.3.1/../../../../arm-none-eabi/lib/thumb/v7e-m+fp/hard/libc_nano.a(libc_a-impure.o)
                              /Applications/STM32CubeIDE.app/Contents/Eclipse/plugins/com.st.stm32cube.ide.mcu.externaltools.gnu-tools-for-stm32.11.3.rel1.macos64_1.1.100.202310310803/tools/bin/../lib/gcc/arm-none-eabi/11.3.1/../../../../arm-none-eabi/lib/thumb/v7e-m+fp/hard/libc_nano.a(libc_a-findfp.o) (_impure_data)
/Applications/STM32CubeIDE.app/Contents/Eclipse/plugins/com.st.stm32cube.ide.mcu.externaltools.gnu-tools-for-stm32.11.3.rel1.macos64_1.1.100.202310310803/tools/bin/../lib/gcc/arm-none-eabi/11.3.1/../../../../arm-none-eabi/lib/thumb/v7e-m+fp/hard/libc_nano.a(libc_a-errno.o)
                              ./Core/Src/syscalls.o (__errno)
/Applications/STM32CubeIDE.app/Contents/Eclipse/plugins/com.st.stm32cube.ide.mcu.externaltools.gnu-tools-for-stm32.11.3.rel1.macos64_1.1.100.202310310803/tools/bin/../lib/gcc/arm-none-eabi/11.3.1/../../../../arm-none-eabi/lib/thumb/v7e-m+fp/hard/libc_nano.a(libc_a-init.o)
                              /Applications/STM32CubeIDE.app/Contents/Eclipse/plugins/com.st.stm32cube.ide.mcu.externaltools.gnu-tools-for-stm32.11.3.rel1.macos64_1.1.100.202310310803/tools/bin/../lib/gcc/arm-none-eabi/11.3.1/../../../../arm-none-eabi/lib/thumb/v7e-m+fp/hard/crt0.o (__libc_init_array)
/Applications/STM32CubeIDE.app/Contents/Eclipse/plugins/com.st.stm32cube.ide.mcu.externaltools.gnu-tools-for-stm32.11.3.rel1.macos64_1.1.100.202310310803/tools/bin/../lib/gcc/arm-none-eabi/11.3.1/../../../../arm-none-eabi/lib/thumb/v7e-m+fp/hard/libc_nano.a(libc_a-lock.o)
                              /Applications/STM32CubeIDE.app/Contents/Eclipse/plugins/com.st.stm32cube.ide.mcu.externaltools.gnu-tools-for-stm32.11.3.rel1.macos64_1.1.100.202310310803/tools/bin/../lib/gcc/arm-none-eabi/11.3.1/../../../../arm-none-eabi/lib/thumb/v7e-m+fp/hard/libc_nano.a(libc_a-findfp.o) (__retarget_lock_init_recursive)
[...]
Memory Configuration

Name             Origin             Length             Attributes
RAM              0x0000000020000000 0x000000000001c000 xrw
FLASH            0x0000000008000000 0x0000000000080000 xr
*default*        0x0000000000000000 0xffffffffffffffff

Linker script and memory map

LOAD /Applications/STM32CubeIDE.app/Contents/Eclipse/plugins/com.st.stm32cube.ide.mcu.externaltools.gnu-tools-for-stm32.11.3.rel1.macos64_1.1.100.202310310803/tools/bin/../lib/gcc/arm-none-eabi/11.3.1/thumb/v7e-m+fp/hard/crti.o
LOAD /Applications/STM32CubeIDE.app/Contents/Eclipse/plugins/com.st.stm32cube.ide.mcu.externaltools.gnu-tools-for-stm32.11.3.rel1.macos64_1.1.100.202310310803/tools/bin/../lib/gcc/arm-none-eabi/11.3.1/thumb/v7e-m+fp/hard/crtbegin.o
LOAD /Applications/STM32CubeIDE.app/Contents/Eclipse/plugins/com.st.stm32cube.ide.mcu.externaltools.gnu-tools-for-stm32.11.3.rel1.macos64_1.1.100.202310310803/tools/bin/../lib/gcc/arm-none-eabi/11.3.1/../../../../arm-none-eabi/lib/thumb/v7e-m+fp/hard/crt0.o
LOAD ./Core/Src/main.o
LOAD ./Core/Src/stm32g4xx_hal_msp.o
LOAD ./Core/Src/stm32g4xx_it.o
LOAD ./Core/Src/syscalls.o
LOAD ./Core/Src/sysmem.o
LOAD ./Core/Src/system_stm32g4xx.o
LOAD ./Core/Startup/startup_stm32g491retx.o
LOAD ./Drivers/STM32G4xx_HAL_Driver/Src/stm32g4xx_hal.o
LOAD ./Drivers/STM32G4xx_HAL_Driver/Src/stm32g4xx_hal_adc.o
LOAD ./Drivers/STM32G4xx_HAL_Driver/Src/stm32g4xx_hal_adc_ex.o
LOAD ./Drivers/STM32G4xx_HAL_Driver/Src/stm32g4xx_hal_cortex.o
LOAD ./Drivers/STM32G4xx_HAL_Driver/Src/stm32g4xx_hal_dma.o
LOAD ./Drivers/STM32G4xx_HAL_Driver/Src/stm32g4xx_hal_dma_ex.o
LOAD ./Drivers/STM32G4xx_HAL_Driver/Src/stm32g4xx_hal_exti.o
LOAD ./Drivers/STM32G4xx_HAL_Driver/Src/stm32g4xx_hal_fdcan.o
LOAD ./Drivers/STM32G4xx_HAL_Driver/Src/stm32g4xx_hal_flash.o
LOAD ./Drivers/STM32G4xx_HAL_Driver/Src/stm32g4xx_hal_flash_ex.o
LOAD ./Drivers/STM32G4xx_HAL_Driver/Src/stm32g4xx_hal_flash_ramfunc.o
LOAD ./Drivers/STM32G4xx_HAL_Driver/Src/stm32g4xx_hal_gpio.o
LOAD ./Drivers/STM32G4xx_HAL_Driver/Src/stm32g4xx_hal_pwr.o
LOAD ./Drivers/STM32G4xx_HAL_Driver/Src/stm32g4xx_hal_pwr_ex.o
LOAD ./Drivers/STM32G4xx_HAL_Driver/Src/stm32g4xx_hal_rcc.o
LOAD ./Drivers/STM32G4xx_HAL_Driver/Src/stm32g4xx_hal_rcc_ex.o
LOAD ./Drivers/STM32G4xx_HAL_Driver/Src/stm32g4xx_hal_tim.o
LOAD ./Drivers/STM32G4xx_HAL_Driver/Src/stm32g4xx_hal_tim_ex.o
LOAD ./Drivers/STM32G4xx_HAL_Driver/Src/stm32g4xx_hal_uart.o
LOAD ./Drivers/STM32G4xx_HAL_Driver/Src/stm32g4xx_hal_uart_ex.o
LOAD ./Drivers/STM32G4xx_HAL_Driver/Src/stm32g4xx_ll_adc.o
START GROUP
LOAD /Applications/STM32CubeIDE.app/Contents/Eclipse/plugins/com.st.stm32cube.ide.mcu.externaltools.gnu-tools-for-stm32.11.3.rel1.macos64_1.1.100.202310310803/tools/bin/../lib/gcc/arm-none-eabi/11.3.1/../../../../arm-none-eabi/lib/thumb/v7e-m+fp/hard/libc_nano.a
LOAD /Applications/STM32CubeIDE.app/Contents/Eclipse/plugins/com.st.stm32cube.ide.mcu.externaltools.gnu-tools-for-stm32.11.3.rel1.macos64_1.1.100.202310310803/tools/bin/../lib/gcc/arm-none-eabi/11.3.1/../../../../arm-none-eabi/lib/thumb/v7e-m+fp/hard/libm.a
END GROUP
START GROUP
LOAD /Applications/STM32CubeIDE.app/Contents/Eclipse/plugins/com.st.stm32cube.ide.mcu.externaltools.gnu-tools-for-stm32.11.3.rel1.macos64_1.1.100.202310310803/tools/bin/../lib/gcc/arm-none-eabi/11.3.1/thumb/v7e-m+fp/hard/libgcc.a
LOAD /Applications/STM32CubeIDE.app/Contents/Eclipse/plugins/com.st.stm32cube.ide.mcu.externaltools.gnu-tools-for-stm32.11.3.rel1.macos64_1.1.100.202310310803/tools/bin/../lib/gcc/arm-none-eabi/11.3.1/../../../../arm-none-eabi/lib/thumb/v7e-m+fp/hard/libc_nano.a
END GROUP
START GROUP
LOAD /Applications/STM32CubeIDE.app/Contents/Eclipse/plugins/com.st.stm32cube.ide.mcu.externaltools.gnu-tools-for-stm32.11.3.rel1.macos64_1.1.100.202310310803/tools/bin/../lib/gcc/arm-none-eabi/11.3.1/thumb/v7e-m+fp/hard/libgcc.a
LOAD /Applications/STM32CubeIDE.app/Contents/Eclipse/plugins/com.st.stm32cube.ide.mcu.externaltools.gnu-tools-for-stm32.11.3.rel1.macos64_1.1.100.202310310803/tools/bin/../lib/gcc/arm-none-eabi/11.3.1/../../../../arm-none-eabi/lib/thumb/v7e-m+fp/hard/libc_nano.a
LOAD /Applications/STM32CubeIDE.app/Contents/Eclipse/plugins/com.st.stm32cube.ide.mcu.externaltools.gnu-tools-for-stm32.11.3.rel1.macos64_1.1.100.202310310803/tools/bin/../lib/gcc/arm-none-eabi/11.3.1/../../../../arm-none-eabi/lib/thumb/v7e-m+fp/hard/libnosys.a
END GROUP
START GROUP
LOAD /Applications/STM32CubeIDE.app/Contents/Eclipse/plugins/com.st.stm32cube.ide.mcu.externaltools.gnu-tools-for-stm32.11.3.rel1.macos64_1.1.100.202310310803/tools/bin/../lib/gcc/arm-none-eabi/11.3.1/thumb/v7e-m+fp/hard/libgcc.a
LOAD /Applications/STM32CubeIDE.app/Contents/Eclipse/plugins/com.st.stm32cube.ide.mcu.externaltools.gnu-tools-for-stm32.11.3.rel1.macos64_1.1.100.202310310803/tools/bin/../lib/gcc/arm-none-eabi/11.3.1/../../../../arm-none-eabi/lib/thumb/v7e-m+fp/hard/libc_nano.a
LOAD /Applications/STM32CubeIDE.app/Contents/Eclipse/plugins/com.st.stm32cube.ide.mcu.externaltools.gnu-tools-for-stm32.11.3.rel1.macos64_1.1.100.202310310803/tools/bin/../lib/gcc/arm-none-eabi/11.3.1/../../../../arm-none-eabi/lib/thumb/v7e-m+fp/hard/libnosys.a
END GROUP
LOAD /Applications/STM32CubeIDE.app/Contents/Eclipse/plugins/com.st.stm32cube.ide.mcu.externaltools.gnu-tools-for-stm32.11.3.rel1.macos64_1.1.100.202310310803/tools/bin/../lib/gcc/arm-none-eabi/11.3.1/thumb/v7e-m+fp/hard/crtend.o
LOAD /Applications/STM32CubeIDE.app/Contents/Eclipse/plugins/com.st.stm32cube.ide.mcu.externaltools.gnu-tools-for-stm32.11.3.rel1.macos64_1.1.100.202310310803/tools/bin/../lib/gcc/arm-none-eabi/11.3.1/thumb/v7e-m+fp/hard/crtn.o
                0x000000002001c000                _estack = (ORIGIN (RAM) + LENGTH (RAM))
                0x0000000000000200                _Min_Heap_Size = 0x200
                0x0000000000000400                _Min_Stack_Size = 0x400

.isr_vector     0x0000000008000000      0x1d8
                0x0000000008000000                . = ALIGN (0x4)
 *(.isr_vector)
 .isr_vector    0x0000000008000000      0x1d8 ./Core/Startup/startup_stm32g491retx.o
                0x0000000008000000                g_pfnVectors
                0x00000000080001d8                . = ALIGN (0x4)

.text           0x00000000080001d8     0x99cc
                0x00000000080001d8                . = ALIGN (0x4)
 *(.text)
 .text          0x00000000080001d8       0x40 /Applications/STM32CubeIDE.app/Contents/Eclipse/plugins/com.st.stm32cube.ide.mcu.externaltools.gnu-tools-for-stm32.11.3.rel1.macos64_1.1.100.202310310803/tools/bin/../lib/gcc/arm-none-eabi/11.3.1/thumb/v7e-m+fp/hard/crtbegin.o
 .text          0x0000000008000218       0x30 /Applications/STM32CubeIDE.app/Contents/Eclipse/plugins/com.st.stm32cube.ide.mcu.externaltools.gnu-tools-for-stm32.11.3.rel1.macos64_1.1.100.202310310803/tools/bin/../lib/gcc/arm-none-eabi/11.3.1/thumb/v7e-m+fp/hard/libgcc.a(_aeabi_uldivmod.o)
                0x0000000008000218                __aeabi_uldivmod
 .text          0x0000000008000248      0x2c8 /Applications/STM32CubeIDE.app/Contents/Eclipse/plugins/com.st.stm32cube.ide.mcu.externaltools.gnu-tools-for-stm32.11.3.rel1.macos64_1.1.100.202310310803/tools/bin/../lib/gcc/arm-none-eabi/11.3.1/thumb/v7e-m+fp/hard/libgcc.a(_udivmoddi4.o)
                0x0000000008000248                __udivmoddi4
 .text          0x0000000008000510        0x4 /Applications/STM32CubeIDE.app/Contents/Eclipse/plugins/com.st.stm32cube.ide.mcu.externaltools.gnu-tools-for-stm32.11.3.rel1.macos64_1.1.100.202310310803/tools/bin/../lib/gcc/arm-none-eabi/11.3.1/thumb/v7e-m+fp/hard/libgcc.a(_dvmd_tls.o)
                0x0000000008000510                __aeabi_ldiv0
                0x0000000008000510                __aeabi_idiv0
 *(.text*)
 .text.crc_accumulate
                0x0000000008000514       0x64 ./Core/Src/main.o
 .text.crc_init
                0x0000000008000578       0x1c ./Core/Src/main.o
 .text.crc_calculate
                0x0000000008000594       0x40 ./Core/Src/main.o
 .text.crc_accumulate_buffer
                0x00000000080005d4       0x38 ./Core/Src/main.o
 .text.mavlink_sha256_init
                0x000000000800060c       0x70 ./Core/Src/main.o
 .text.mavlink_sha256_calc
                0x000000000800067c      0x3c0 ./Core/Src/main.o
 .text.mavlink_sha256_update
                0x0000000008000a3c      0x104 ./Core/Src/main.o
 .text.mavlink_sha256_final_48
                0x0000000008000b40      0x12e ./Core/Src/main.o
 *fill*         0x0000000008000c6e        0x2 
 .text.mavlink_get_channel_status
                0x0000000008000c70       0x28 ./Core/Src/main.o
 .text.mavlink_get_channel_buffer
                0x0000000008000c98       0x28 ./Core/Src/main.o
 .text.mavlink_sign_packet
                0x0000000008000cc0       0xcc ./Core/Src/main.o
 .text._mav_trim_payload
                0x0000000008000d8c       0x36 ./Core/Src/main.o
 *fill*         0x0000000008000dc2        0x2 
 .text.mavlink_signature_check
                0x0000000008000dc4      0x2a0 ./Core/Src/main.o
 .text.mavlink_finalize_message_buffer
                0x0000000008001064      0x26e ./Core/Src/main.o
 .text.mavlink_finalize_message_chan
                0x00000000080012d2       0x48 ./Core/Src/main.o
 .text.mavlink_finalize_message
                0x000000000800131a       0x3c ./Core/Src/main.o
 .text._mav_parse_error
                0x0000000008001356       0x20 ./Core/Src/main.o
 .text.mavlink_msg_to_send_buffer
                0x0000000008001376      0x1be ./Core/Src/main.o
 .text.mavlink_start_checksum
                0x0000000008001534       0x24 ./Core/Src/main.o
 .text.mavlink_update_checksum
                0x0000000008001558       0x30 ./Core/Src/main.o
 .text.mavlink_get_msg_entry
                0x0000000008001588       0xa0 ./Core/Src/main.o
 .text.mavlink_frame_char_buffer
                0x0000000008001628      0x5ac ./Core/Src/main.o
 .text.mavlink_frame_char
                0x0000000008001bd4       0x3e ./Core/Src/main.o
 .text.mavlink_parse_char
                0x0000000008001c12       0x7a ./Core/Src/main.o
 .text.mav_array_memcpy
                0x0000000008001c8c       0x30 ./Core/Src/main.o
 .text.mavlink_msg_heartbeat_pack
                0x0000000008001cbc       0x70 ./Core/Src/main.o
 .text.mavlink_msg_heartbeat_decode
                0x0000000008001d2c       0x36 ./Core/Src/main.o
 .text.mavlink_msg_zora_led_status_pack
                0x0000000008001d62       0x64 ./Core/Src/main.o
 .text.mavlink_msg_command_long_decode
                0x0000000008001dc6       0x36 ./Core/Src/main.o
 .text.mavlink_msg_protocol_version_pack_chan
                0x0000000008001dfc       0x88 ./Core/Src/main.o
 .text.mavlink_msg_protocol_version_decode
                0x0000000008001e84       0x36 ./Core/Src/main.o
 *fill*         0x0000000008001eba        0x2 
 .text.setLEDs  0x0000000008001ebc       0x48 ./Core/Src/main.o
                0x0000000008001ebc                setLEDs
 .text.MAVlinkSetLEDs
                0x0000000008001f04       0x58 ./Core/Src/main.o
                0x0000000008001f04                MAVlinkSetLEDs
 .text.MAVlinkWriteLEDstatus
                0x0000000008001f5c       0xa0 ./Core/Src/main.o
                0x0000000008001f5c                MAVlinkWriteLEDstatus
 .text.MAVLinkSetCurrentSystem
                0x0000000008001ffc       0x28 ./Core/Src/main.o
                0x0000000008001ffc                MAVLinkSetCurrentSystem
 .text.MAVlinkWriteHearbeat
                0x0000000008002024       0x68 ./Core/Src/main.o
                0x0000000008002024                MAVlinkWriteHearbeat
 .text.MAVlinkWriteProtocolVersion
                0x000000000800208c       0xa8 ./Core/Src/main.o
                0x000000000800208c                MAVlinkWriteProtocolVersion
 .text.MAVLinkHandleLongCommands
                0x0000000008002134       0x5a ./Core/Src/main.o
                0x0000000008002134                MAVLinkHandleLongCommands
 *fill*         0x000000000800218e        0x2 
 .text.MAVLinkHandleReceivedMessage
                0x0000000008002190       0xac ./Core/Src/main.o
                0x0000000008002190                MAVLinkHandleReceivedMessage
 .text.MAVLinkParseBuffer
                0x000000000800223c       0x84 ./Core/Src/main.o
                0x000000000800223c                MAVLinkParseBuffer
 .text.main     0x00000000080022c0       0xbc ./Core/Src/main.o
                0x00000000080022c0                main
 .text.SystemClock_Config
                0x000000000800237c       0x92 ./Core/Src/main.o
                0x000000000800237c                SystemClock_Config
 *fill*         0x000000000800240e        0x2 
 .text.MX_ADC1_Init
                0x0000000008002410      0x150 ./Core/Src/main.o
 .text.MX_FDCAN2_Init
                0x0000000008002560       0x8c ./Core/Src/main.o
 .text.MX_TIM3_Init
                0x00000000080025ec      0x104 ./Core/Src/main.o
 .text.MX_TIM4_Init
                0x00000000080026f0       0x9c ./Core/Src/main.o
 .text.MX_USART1_UART_Init
                0x000000000800278c       0x98 ./Core/Src/main.o
 .text.MX_DMA_Init
                0x0000000008002824       0x54 ./Core/Src/main.o
 .text.MX_GPIO_Init
                0x0000000008002878       0xcc ./Core/Src/main.o
 .text.HAL_UART_RxCpltCallback
                0x0000000008002944       0x4c ./Core/Src/main.o
                0x0000000008002944                HAL_UART_RxCpltCallback
 .text.Error_Handler
                0x0000000008002990        0xa ./Core/Src/main.o
                0x0000000008002990                Error_Handler
 *fill*         0x000000000800299a        0x2 
 .text.HAL_MspInit
                0x000000000800299c       0x48 ./Core/Src/stm32g4xx_hal_msp.o
                0x000000000800299c                HAL_MspInit
 .text.HAL_ADC_MspInit
                0x00000000080029e4      0x108 ./Core/Src/stm32g4xx_hal_msp.o
                0x00000000080029e4                HAL_ADC_MspInit
 .text.HAL_FDCAN_MspInit
                0x0000000008002aec       0xc4 ./Core/Src/stm32g4xx_hal_msp.o
                0x0000000008002aec                HAL_FDCAN_MspInit
 .text.HAL_TIM_Base_MspInit
                0x0000000008002bb0       0x84 ./Core/Src/stm32g4xx_hal_msp.o
                0x0000000008002bb0                HAL_TIM_Base_MspInit
 .text.HAL_TIM_MspPostInit
                0x0000000008002c34       0x70 ./Core/Src/stm32g4xx_hal_msp.o
                0x0000000008002c34                HAL_TIM_MspPostInit
 .text.HAL_UART_MspInit
                0x0000000008002ca4       0xc0 ./Core/Src/stm32g4xx_hal_msp.o
                0x0000000008002ca4                HAL_UART_MspInit
 .text.NMI_Handler
                0x0000000008002d64        0x6 ./Core/Src/stm32g4xx_it.o
                0x0000000008002d64                NMI_Handler
 .text.HardFault_Handler
                0x0000000008002d6a        0x6 ./Core/Src/stm32g4xx_it.o
                0x0000000008002d6a                HardFault_Handler
 .text.MemManage_Handler
                0x0000000008002d70        0x6 ./Core/Src/stm32g4xx_it.o
                0x0000000008002d70                MemManage_Handler
 .text.BusFault_Handler
                0x0000000008002d76        0x6 ./Core/Src/stm32g4xx_it.o
                0x0000000008002d76                BusFault_Handler
 .text.UsageFault_Handler
                0x0000000008002d7c        0x6 ./Core/Src/stm32g4xx_it.o
                0x0000000008002d7c                UsageFault_Handler
 .text.SVC_Handler
                0x0000000008002d82        0xe ./Core/Src/stm32g4xx_it.o
                0x0000000008002d82                SVC_Handler
 .text.DebugMon_Handler
                0x0000000008002d90        0xe ./Core/Src/stm32g4xx_it.o
                0x0000000008002d90                DebugMon_Handler
 .text.PendSV_Handler
                0x0000000008002d9e        0xe ./Core/Src/stm32g4xx_it.o
                0x0000000008002d9e                PendSV_Handler
 .text.SysTick_Handler
                0x0000000008002dac        0xc ./Core/Src/stm32g4xx_it.o
                0x0000000008002dac                SysTick_Handler
 .text.DMA1_Channel1_IRQHandler
                0x0000000008002db8       0x14 ./Core/Src/stm32g4xx_it.o
                0x0000000008002db8                DMA1_Channel1_IRQHandler
 .text.TIM3_IRQHandler
                0x0000000008002dcc       0x14 ./Core/Src/stm32g4xx_it.o
                0x0000000008002dcc                TIM3_IRQHandler
 .text.TIM4_IRQHandler
                0x0000000008002de0       0x14 ./Core/Src/stm32g4xx_it.o
                0x0000000008002de0                TIM4_IRQHandler
 .text.USART1_IRQHandler
                0x0000000008002df4       0x78 ./Core/Src/stm32g4xx_it.o
                0x0000000008002df4                USART1_IRQHandler
 .text.FDCAN2_IT0_IRQHandler
                0x0000000008002e6c       0x14 ./Core/Src/stm32g4xx_it.o
                0x0000000008002e6c                FDCAN2_IT0_IRQHandler
 .text.SystemInit
                0x0000000008002e80       0x24 ./Core/Src/system_stm32g4xx.o
                0x0000000008002e80                SystemInit
 .text.Reset_Handler
                0x0000000008002ea4       0x50 ./Core/Startup/startup_stm32g491retx.o
                0x0000000008002ea4                Reset_Handler
 .text.Default_Handler
                0x0000000008002ef4        0x2 ./Core/Startup/startup_stm32g491retx.o
                0x0000000008002ef4                TIM1_BRK_TIM15_IRQHandler
                0x0000000008002ef4                EXTI2_IRQHandler
                0x0000000008002ef4                TIM8_TRG_COM_IRQHandler
                0x0000000008002ef4                TIM8_CC_IRQHandler
                0x0000000008002ef4                TIM1_CC_IRQHandler
                0x0000000008002ef4                USB_HP_IRQHandler
                0x0000000008002ef4                CORDIC_IRQHandler
                0x0000000008002ef4                DMA2_Channel8_IRQHandler
                0x0000000008002ef4                EXTI3_IRQHandler
                0x0000000008002ef4                I2C3_ER_IRQHandler
                0x0000000008002ef4                EXTI0_IRQHandler
                0x0000000008002ef4                I2C2_EV_IRQHandler
                0x0000000008002ef4                FPU_IRQHandler
                0x0000000008002ef4                FDCAN1_IT1_IRQHandler
                0x0000000008002ef4                TIM1_UP_TIM16_IRQHandler
                0x0000000008002ef4                ADC1_2_IRQHandler
                0x0000000008002ef4                SPI1_IRQHandler
                0x0000000008002ef4                TIM6_DAC_IRQHandler
                0x0000000008002ef4                TIM8_UP_IRQHandler
                0x0000000008002ef4                DMA2_Channel2_IRQHandler
                0x0000000008002ef4                DMA1_Channel4_IRQHandler
                0x0000000008002ef4                TIM20_TRG_COM_IRQHandler
                0x0000000008002ef4                USART3_IRQHandler
                0x0000000008002ef4                DMA1_Channel7_IRQHandler
                0x0000000008002ef4                UART5_IRQHandler
                0x0000000008002ef4                ADC3_IRQHandler
                0x0000000008002ef4                DMA2_Channel1_IRQHandler
                0x0000000008002ef4                QUADSPI_IRQHandler
                0x0000000008002ef4                I2C1_EV_IRQHandler
                0x0000000008002ef4                DMA1_Channel6_IRQHandler
                0x0000000008002ef4                UART4_IRQHandler
                0x0000000008002ef4                DMA2_Channel4_IRQHandler
                0x0000000008002ef4                RCC_IRQHandler
                0x0000000008002ef4                TIM20_UP_IRQHandler
                0x0000000008002ef4                Default_Handler
                0x0000000008002ef4                DMA2_Channel7_IRQHandler
                0x0000000008002ef4                RTC_TAMP_LSECSS_IRQHandler
                0x0000000008002ef4                FMAC_IRQHandler
                0x0000000008002ef4                EXTI15_10_IRQHandler
                0x0000000008002ef4                DMA1_Channel8_IRQHandler
                0x0000000008002ef4                TIM7_IRQHandler
                0x0000000008002ef4                UCPD1_IRQHandler
                0x0000000008002ef4                I2C3_EV_IRQHandler
                0x0000000008002ef4                EXTI9_5_IRQHandler
                0x0000000008002ef4                RTC_WKUP_IRQHandler
                0x0000000008002ef4                PVD_PVM_IRQHandler
                0x0000000008002ef4                SPI2_IRQHandler
                0x0000000008002ef4                DMA2_Channel5_IRQHandler
                0x0000000008002ef4                CRS_IRQHandler
                0x0000000008002ef4                DMA1_Channel5_IRQHandler
                0x0000000008002ef4                USB_LP_IRQHandler
                0x0000000008002ef4                EXTI4_IRQHandler
                0x0000000008002ef4                RNG_IRQHandler
                0x0000000008002ef4                TIM1_TRG_COM_TIM17_IRQHandler
                0x0000000008002ef4                FDCAN2_IT1_IRQHandler
                0x0000000008002ef4                DMA1_Channel3_IRQHandler
                0x0000000008002ef4                WWDG_IRQHandler
                0x0000000008002ef4                LPUART1_IRQHandler
                0x0000000008002ef4                DMA2_Channel6_IRQHandler
                0x0000000008002ef4                FDCAN1_IT0_IRQHandler
                0x0000000008002ef4                TIM2_IRQHandler
                0x0000000008002ef4                COMP1_2_3_IRQHandler
                0x0000000008002ef4                EXTI1_IRQHandler
                0x0000000008002ef4                USART2_IRQHandler
                0x0000000008002ef4                TIM20_BRK_IRQHandler
                0x0000000008002ef4                I2C2_ER_IRQHandler
                0x0000000008002ef4                DMA1_Channel2_IRQHandler
                0x0000000008002ef4                TIM8_BRK_IRQHandler
                0x0000000008002ef4                FLASH_IRQHandler
                0x0000000008002ef4                TIM20_CC_IRQHandler
                0x0000000008002ef4                SPI3_IRQHandler
                0x0000000008002ef4                I2C1_ER_IRQHandler
                0x0000000008002ef4                LPTIM1_IRQHandler
                0x0000000008002ef4                DMAMUX_OVR_IRQHandler
                0x0000000008002ef4                USBWakeUp_IRQHandler
                0x0000000008002ef4                SAI1_IRQHandler
                0x0000000008002ef4                DMA2_Channel3_IRQHandler
                0x0000000008002ef4                COMP4_IRQHandler
                0x0000000008002ef4                RTC_Alarm_IRQHandler
 .text.HAL_Init
                0x0000000008002ef6       0x30 ./Drivers/STM32G4xx_HAL_Driver/Src/stm32g4xx_hal.o
                0x0000000008002ef6                HAL_Init
 *fill*         0x0000000008002f26        0x2 
 .text.HAL_InitTick
                0x0000000008002f28       0x74 ./Drivers/STM32G4xx_HAL_Driver/Src/stm32g4xx_hal.o
                0x0000000008002f28                HAL_InitTick
 .text.HAL_IncTick
                0x0000000008002f9c       0x24 ./Drivers/STM32G4xx_HAL_Driver/Src/stm32g4xx_hal.o
                0x0000000008002f9c                HAL_IncTick
 .text.HAL_GetTick
                0x0000000008002fc0       0x18 ./Drivers/STM32G4xx_HAL_Driver/Src/stm32g4xx_hal.o
                0x0000000008002fc0                HAL_GetTick
 .text.LL_ADC_SetCommonClock
                0x0000000008002fd8       0x26 ./Drivers/STM32G4xx_HAL_Driver/Src/stm32g4xx_hal_adc.o
 .text.LL_ADC_SetCommonPathInternalCh
                0x0000000008002ffe       0x26 ./Drivers/STM32G4xx_HAL_Driver/Src/stm32g4xx_hal_adc.o
 .text.LL_ADC_GetCommonPathInternalCh
                0x0000000008003024       0x1c ./Drivers/STM32G4xx_HAL_Driver/Src/stm32g4xx_hal_adc.o
 .text.LL_ADC_SetOffset
                0x0000000008003040       0x48 ./Drivers/STM32G4xx_HAL_Driver/Src/stm32g4xx_hal_adc.o
 .text.LL_ADC_GetOffsetChannel
                0x0000000008003088       0x2c ./Drivers/STM32G4xx_HAL_Driver/Src/stm32g4xx_hal_adc.o
 .text.LL_ADC_SetOffsetState
                0x00000000080030b4       0x36 ./Drivers/STM32G4xx_HAL_Driver/Src/stm32g4xx_hal_adc.o
 .text.LL_ADC_SetOffsetSign
                0x00000000080030ea       0x36 ./Drivers/STM32G4xx_HAL_Driver/Src/stm32g4xx_hal_adc.o
 .text.LL_ADC_SetOffsetSaturation
                0x0000000008003120       0x36 ./Drivers/STM32G4xx_HAL_Driver/Src/stm32g4xx_hal_adc.o
 .text.LL_ADC_SetSamplingTimeCommonConfig
                0x0000000008003156       0x26 ./Drivers/STM32G4xx_HAL_Driver/Src/stm32g4xx_hal_adc.o
 .text.LL_ADC_REG_SetSequencerRanks
                0x000000000800317c       0x58 ./Drivers/STM32G4xx_HAL_Driver/Src/stm32g4xx_hal_adc.o
 .text.LL_ADC_SetChannelSamplingTime
                0x00000000080031d4       0x56 ./Drivers/STM32G4xx_HAL_Driver/Src/stm32g4xx_hal_adc.o
 *fill*         0x000000000800322a        0x2 
 .text.LL_ADC_SetChannelSingleDiff
                0x000000000800322c       0x50 ./Drivers/STM32G4xx_HAL_Driver/Src/stm32g4xx_hal_adc.o
 .text.LL_ADC_DisableDeepPowerDown
                0x000000000800327c       0x24 ./Drivers/STM32G4xx_HAL_Driver/Src/stm32g4xx_hal_adc.o
 .text.LL_ADC_IsDeepPowerDownEnabled
                0x00000000080032a0       0x28 ./Drivers/STM32G4xx_HAL_Driver/Src/stm32g4xx_hal_adc.o
 .text.LL_ADC_EnableInternalRegulator
                0x00000000080032c8       0x28 ./Drivers/STM32G4xx_HAL_Driver/Src/stm32g4xx_hal_adc.o
 .text.LL_ADC_IsInternalRegulatorEnabled
                0x00000000080032f0       0x28 ./Drivers/STM32G4xx_HAL_Driver/Src/stm32g4xx_hal_adc.o
 .text.LL_ADC_IsEnabled
                0x0000000008003318       0x26 ./Drivers/STM32G4xx_HAL_Driver/Src/stm32g4xx_hal_adc.o
 .text.LL_ADC_REG_IsConversionOngoing
                0x000000000800333e       0x26 ./Drivers/STM32G4xx_HAL_Driver/Src/stm32g4xx_hal_adc.o
 .text.LL_ADC_INJ_IsConversionOngoing
                0x0000000008003364       0x26 ./Drivers/STM32G4xx_HAL_Driver/Src/stm32g4xx_hal_adc.o
 *fill*         0x000000000800338a        0x2 
 .text.HAL_ADC_Init
                0x000000000800338c      0x368 ./Drivers/STM32G4xx_HAL_Driver/Src/stm32g4xx_hal_adc.o
                0x000000000800338c                HAL_ADC_Init
 .text.HAL_ADC_ConfigChannel
                0x00000000080036f4      0x858 ./Drivers/STM32G4xx_HAL_Driver/Src/stm32g4xx_hal_adc.o
                0x00000000080036f4                HAL_ADC_ConfigChannel
 .text.LL_ADC_IsEnabled
                0x0000000008003f4c       0x26 ./Drivers/STM32G4xx_HAL_Driver/Src/stm32g4xx_hal_adc_ex.o
 .text.LL_ADC_REG_IsConversionOngoing
                0x0000000008003f72       0x26 ./Drivers/STM32G4xx_HAL_Driver/Src/stm32g4xx_hal_adc_ex.o
 .text.HAL_ADCEx_MultiModeConfigChannel
                0x0000000008003f98      0x1d0 ./Drivers/STM32G4xx_HAL_Driver/Src/stm32g4xx_hal_adc_ex.o
                0x0000000008003f98                HAL_ADCEx_MultiModeConfigChannel
 .text.__NVIC_SetPriorityGrouping
                0x0000000008004168       0x48 ./Drivers/STM32G4xx_HAL_Driver/Src/stm32g4xx_hal_cortex.o
 .text.__NVIC_GetPriorityGrouping
                0x00000000080041b0       0x1c ./Drivers/STM32G4xx_HAL_Driver/Src/stm32g4xx_hal_cortex.o
 .text.__NVIC_EnableIRQ
                0x00000000080041cc       0x3c ./Drivers/STM32G4xx_HAL_Driver/Src/stm32g4xx_hal_cortex.o
 .text.__NVIC_SetPriority
                0x0000000008004208       0x54 ./Drivers/STM32G4xx_HAL_Driver/Src/stm32g4xx_hal_cortex.o
 .text.NVIC_EncodePriority
                0x000000000800425c       0x66 ./Drivers/STM32G4xx_HAL_Driver/Src/stm32g4xx_hal_cortex.o
 *fill*         0x00000000080042c2        0x2 
 .text.SysTick_Config
                0x00000000080042c4       0x44 ./Drivers/STM32G4xx_HAL_Driver/Src/stm32g4xx_hal_cortex.o
 .text.HAL_NVIC_SetPriorityGrouping
                0x0000000008004308       0x16 ./Drivers/STM32G4xx_HAL_Driver/Src/stm32g4xx_hal_cortex.o
                0x0000000008004308                HAL_NVIC_SetPriorityGrouping
 .text.HAL_NVIC_SetPriority
                0x000000000800431e       0x34 ./Drivers/STM32G4xx_HAL_Driver/Src/stm32g4xx_hal_cortex.o
                0x000000000800431e                HAL_NVIC_SetPriority
 .text.HAL_NVIC_EnableIRQ
                0x0000000008004352       0x1c ./Drivers/STM32G4xx_HAL_Driver/Src/stm32g4xx_hal_cortex.o
                0x0000000008004352                HAL_NVIC_EnableIRQ
 .text.HAL_SYSTICK_Config
                0x000000000800436e       0x18 ./Drivers/STM32G4xx_HAL_Driver/Src/stm32g4xx_hal_cortex.o
                0x000000000800436e                HAL_SYSTICK_Config
 *fill*         0x0000000008004386        0x2 
 .text.HAL_DMA_Init
                0x0000000008004388      0x150 ./Drivers/STM32G4xx_HAL_Driver/Src/stm32g4xx_hal_dma.o
                0x0000000008004388                HAL_DMA_Init
 .text.HAL_DMA_Abort
                0x00000000080044d8       0xb2 ./Drivers/STM32G4xx_HAL_Driver/Src/stm32g4xx_hal_dma.o
                0x00000000080044d8                HAL_DMA_Abort
 .text.HAL_DMA_Abort_IT
                0x000000000800458a       0xce ./Drivers/STM32G4xx_HAL_Driver/Src/stm32g4xx_hal_dma.o
                0x000000000800458a                HAL_DMA_Abort_IT
 .text.HAL_DMA_IRQHandler
                0x0000000008004658      0x15e ./Drivers/STM32G4xx_HAL_Driver/Src/stm32g4xx_hal_dma.o
                0x0000000008004658                HAL_DMA_IRQHandler
 *fill*         0x00000000080047b6        0x2 
 .text.DMA_CalcDMAMUXChannelBaseAndMask
                0x00000000080047b8       0x7c ./Drivers/STM32G4xx_HAL_Driver/Src/stm32g4xx_hal_dma.o
 .text.DMA_CalcDMAMUXRequestGenBaseAndMask
                0x0000000008004834       0x48 ./Drivers/STM32G4xx_HAL_Driver/Src/stm32g4xx_hal_dma.o
 .text.HAL_FDCAN_Init
                0x000000000800487c      0x2b4 ./Drivers/STM32G4xx_HAL_Driver/Src/stm32g4xx_hal_fdcan.o
                0x000000000800487c                HAL_FDCAN_Init
 .text.HAL_FDCAN_IRQHandler
                0x0000000008004b30      0x272 ./Drivers/STM32G4xx_HAL_Driver/Src/stm32g4xx_hal_fdcan.o
                0x0000000008004b30                HAL_FDCAN_IRQHandler
 .text.HAL_FDCAN_TxEventFifoCallback
                0x0000000008004da2       0x16 ./Drivers/STM32G4xx_HAL_Driver/Src/stm32g4xx_hal_fdcan.o
                0x0000000008004da2                HAL_FDCAN_TxEventFifoCallback
 .text.HAL_FDCAN_RxFifo0Callback
                0x0000000008004db8       0x16 ./Drivers/STM32G4xx_HAL_Driver/Src/stm32g4xx_hal_fdcan.o
                0x0000000008004db8                HAL_FDCAN_RxFifo0Callback
 .text.HAL_FDCAN_RxFifo1Callback
                0x0000000008004dce       0x16 ./Drivers/STM32G4xx_HAL_Driver/Src/stm32g4xx_hal_fdcan.o
                0x0000000008004dce                HAL_FDCAN_RxFifo1Callback
 .text.HAL_FDCAN_TxFifoEmptyCallback
                0x0000000008004de4       0x14 ./Drivers/STM32G4xx_HAL_Driver/Src/stm32g4xx_hal_fdcan.o
                0x0000000008004de4                HAL_FDCAN_TxFifoEmptyCallback
 .text.HAL_FDCAN_TxBufferCompleteCallback
                0x0000000008004df8       0x16 ./Drivers/STM32G4xx_HAL_Driver/Src/stm32g4xx_hal_fdcan.o
                0x0000000008004df8                HAL_FDCAN_TxBufferCompleteCallback
 .text.HAL_FDCAN_TxBufferAbortCallback
                0x0000000008004e0e       0x16 ./Drivers/STM32G4xx_HAL_Driver/Src/stm32g4xx_hal_fdcan.o
                0x0000000008004e0e                HAL_FDCAN_TxBufferAbortCallback
 .text.HAL_FDCAN_TimestampWraparoundCallback
                0x0000000008004e24       0x14 ./Drivers/STM32G4xx_HAL_Driver/Src/stm32g4xx_hal_fdcan.o
                0x0000000008004e24                HAL_FDCAN_TimestampWraparoundCallback
 .text.HAL_FDCAN_TimeoutOccurredCallback
                0x0000000008004e38       0x14 ./Drivers/STM32G4xx_HAL_Driver/Src/stm32g4xx_hal_fdcan.o
                0x0000000008004e38                HAL_FDCAN_TimeoutOccurredCallback
 .text.HAL_FDCAN_HighPriorityMessageCallback
                0x0000000008004e4c       0x14 ./Drivers/STM32G4xx_HAL_Driver/Src/stm32g4xx_hal_fdcan.o
                0x0000000008004e4c                HAL_FDCAN_HighPriorityMessageCallback
 .text.HAL_FDCAN_ErrorCallback
                0x0000000008004e60       0x14 ./Drivers/STM32G4xx_HAL_Driver/Src/stm32g4xx_hal_fdcan.o
                0x0000000008004e60                HAL_FDCAN_ErrorCallback
 .text.HAL_FDCAN_ErrorStatusCallback
                0x0000000008004e74       0x16 ./Drivers/STM32G4xx_HAL_Driver/Src/stm32g4xx_hal_fdcan.o
                0x0000000008004e74                HAL_FDCAN_ErrorStatusCallback
 *fill*         0x0000000008004e8a        0x2 
 .text.FDCAN_CalcultateRamBlockAddresses
                0x0000000008004e8c       0xc4 ./Drivers/STM32G4xx_HAL_Driver/Src/stm32g4xx_hal_fdcan.o
 .text.HAL_GPIO_Init
                0x0000000008004f50      0x304 ./Drivers/STM32G4xx_HAL_Driver/Src/stm32g4xx_hal_gpio.o
                0x0000000008004f50                HAL_GPIO_Init
 .text.HAL_GPIO_ReadPin
                0x0000000008005254       0x30 ./Drivers/STM32G4xx_HAL_Driver/Src/stm32g4xx_hal_gpio.o
                0x0000000008005254                HAL_GPIO_ReadPin
 .text.HAL_GPIO_WritePin
                0x0000000008005284       0x30 ./Drivers/STM32G4xx_HAL_Driver/Src/stm32g4xx_hal_gpio.o
                0x0000000008005284                HAL_GPIO_WritePin
 .text.HAL_GPIO_TogglePin
                0x00000000080052b4       0x34 ./Drivers/STM32G4xx_HAL_Driver/Src/stm32g4xx_hal_gpio.o
                0x00000000080052b4                HAL_GPIO_TogglePin
 .text.HAL_PWREx_ControlVoltageScaling
                0x00000000080052e8      0x148 ./Drivers/STM32G4xx_HAL_Driver/Src/stm32g4xx_hal_pwr_ex.o
                0x00000000080052e8                HAL_PWREx_ControlVoltageScaling
 .text.HAL_PWREx_DisableUCPDDeadBattery
                0x0000000008005430       0x20 ./Drivers/STM32G4xx_HAL_Driver/Src/stm32g4xx_hal_pwr_ex.o
                0x0000000008005430                HAL_PWREx_DisableUCPDDeadBattery
 .text.HAL_RCC_OscConfig
                0x0000000008005450      0x630 ./Drivers/STM32G4xx_HAL_Driver/Src/stm32g4xx_hal_rcc.o
                0x0000000008005450                HAL_RCC_OscConfig
 .text.HAL_RCC_ClockConfig
                0x0000000008005a80      0x278 ./Drivers/STM32G4xx_HAL_Driver/Src/stm32g4xx_hal_rcc.o
                0x0000000008005a80                HAL_RCC_ClockConfig
 .text.HAL_RCC_GetSysClockFreq
                0x0000000008005cf8       0xc4 ./Drivers/STM32G4xx_HAL_Driver/Src/stm32g4xx_hal_rcc.o
                0x0000000008005cf8                HAL_RCC_GetSysClockFreq
 .text.HAL_RCC_GetHCLKFreq
                0x0000000008005dbc       0x18 ./Drivers/STM32G4xx_HAL_Driver/Src/stm32g4xx_hal_rcc.o
                0x0000000008005dbc                HAL_RCC_GetHCLKFreq
 .text.HAL_RCC_GetPCLK1Freq
                0x0000000008005dd4       0x2c ./Drivers/STM32G4xx_HAL_Driver/Src/stm32g4xx_hal_rcc.o
                0x0000000008005dd4                HAL_RCC_GetPCLK1Freq
 .text.HAL_RCC_GetPCLK2Freq
                0x0000000008005e00       0x2c ./Drivers/STM32G4xx_HAL_Driver/Src/stm32g4xx_hal_rcc.o
                0x0000000008005e00                HAL_RCC_GetPCLK2Freq
 .text.RCC_GetSysClockFreqFromPLLSource
                0x0000000008005e2c       0x8c ./Drivers/STM32G4xx_HAL_Driver/Src/stm32g4xx_hal_rcc.o
 .text.HAL_RCCEx_PeriphCLKConfig
                0x0000000008005eb8      0x478 ./Drivers/STM32G4xx_HAL_Driver/Src/stm32g4xx_hal_rcc_ex.o
                0x0000000008005eb8                HAL_RCCEx_PeriphCLKConfig
 .text.HAL_TIM_Base_Init
                0x0000000008006330       0xae ./Drivers/STM32G4xx_HAL_Driver/Src/stm32g4xx_hal_tim.o
                0x0000000008006330                HAL_TIM_Base_Init
 .text.HAL_TIM_PWM_Init
                0x00000000080063de       0xae ./Drivers/STM32G4xx_HAL_Driver/Src/stm32g4xx_hal_tim.o
                0x00000000080063de                HAL_TIM_PWM_Init
 .text.HAL_TIM_PWM_MspInit
                0x000000000800648c       0x14 ./Drivers/STM32G4xx_HAL_Driver/Src/stm32g4xx_hal_tim.o
                0x000000000800648c                HAL_TIM_PWM_MspInit
 .text.HAL_TIM_IRQHandler
                0x00000000080064a0      0x2fe ./Drivers/STM32G4xx_HAL_Driver/Src/stm32g4xx_hal_tim.o
                0x00000000080064a0                HAL_TIM_IRQHandler
 *fill*         0x000000000800679e        0x2 
 .text.HAL_TIM_PWM_ConfigChannel
                0x00000000080067a0      0x228 ./Drivers/STM32G4xx_HAL_Driver/Src/stm32g4xx_hal_tim.o
                0x00000000080067a0                HAL_TIM_PWM_ConfigChannel
 .text.HAL_TIM_ConfigClockSource
                0x00000000080069c8      0x208 ./Drivers/STM32G4xx_HAL_Driver/Src/stm32g4xx_hal_tim.o
                0x00000000080069c8                HAL_TIM_ConfigClockSource
 .text.HAL_TIM_PeriodElapsedCallback
                0x0000000008006bd0       0x14 ./Drivers/STM32G4xx_HAL_Driver/Src/stm32g4xx_hal_tim.o
                0x0000000008006bd0                HAL_TIM_PeriodElapsedCallback
 .text.HAL_TIM_OC_DelayElapsedCallback
                0x0000000008006be4       0x14 ./Drivers/STM32G4xx_HAL_Driver/Src/stm32g4xx_hal_tim.o
                0x0000000008006be4                HAL_TIM_OC_DelayElapsedCallback
 .text.HAL_TIM_IC_CaptureCallback
                0x0000000008006bf8       0x14 ./Drivers/STM32G4xx_HAL_Driver/Src/stm32g4xx_hal_tim.o
                0x0000000008006bf8                HAL_TIM_IC_CaptureCallback
 .text.HAL_TIM_PWM_PulseFinishedCallback
                0x0000000008006c0c       0x14 ./Drivers/STM32G4xx_HAL_Driver/Src/stm32g4xx_hal_tim.o
                0x0000000008006c0c                HAL_TIM_PWM_PulseFinishedCallback
 .text.HAL_TIM_TriggerCallback
                0x0000000008006c20       0x14 ./Drivers/STM32G4xx_HAL_Driver/Src/stm32g4xx_hal_tim.o
                0x0000000008006c20                HAL_TIM_TriggerCallback
 .text.TIM_Base_SetConfig
                0x0000000008006c34      0x13c ./Drivers/STM32G4xx_HAL_Driver/Src/stm32g4xx_hal_tim.o
                0x0000000008006c34                TIM_Base_SetConfig
 .text.TIM_OC1_SetConfig
                0x0000000008006d70      0x134 ./Drivers/STM32G4xx_HAL_Driver/Src/stm32g4xx_hal_tim.o
 .text.TIM_OC2_SetConfig
                0x0000000008006ea4      0x128 ./Drivers/STM32G4xx_HAL_Driver/Src/stm32g4xx_hal_tim.o
                0x0000000008006ea4                TIM_OC2_SetConfig
 .text.TIM_OC3_SetConfig
                0x0000000008006fcc      0x124 ./Drivers/STM32G4xx_HAL_Driver/Src/stm32g4xx_hal_tim.o
 .text.TIM_OC4_SetConfig
                0x00000000080070f0      0x128 ./Drivers/STM32G4xx_HAL_Driver/Src/stm32g4xx_hal_tim.o
 .text.TIM_OC5_SetConfig
                0x0000000008007218       0xd4 ./Drivers/STM32G4xx_HAL_Driver/Src/stm32g4xx_hal_tim.o
 .text.TIM_OC6_SetConfig
                0x00000000080072ec       0xd8 ./Drivers/STM32G4xx_HAL_Driver/Src/stm32g4xx_hal_tim.o
 .text.TIM_TI1_ConfigInputStage
                0x00000000080073c4       0x5e ./Drivers/STM32G4xx_HAL_Driver/Src/stm32g4xx_hal_tim.o
 .text.TIM_TI2_ConfigInputStage
                0x0000000008007422       0x60 ./Drivers/STM32G4xx_HAL_Driver/Src/stm32g4xx_hal_tim.o
 .text.TIM_ITRx_SetConfig
                0x0000000008007482       0x3a ./Drivers/STM32G4xx_HAL_Driver/Src/stm32g4xx_hal_tim.o
 .text.TIM_ETR_SetConfig
                0x00000000080074bc       0x40 ./Drivers/STM32G4xx_HAL_Driver/Src/stm32g4xx_hal_tim.o
                0x00000000080074bc                TIM_ETR_SetConfig
 .text.HAL_TIMEx_MasterConfigSynchronization
                0x00000000080074fc      0x11c ./Drivers/STM32G4xx_HAL_Driver/Src/stm32g4xx_hal_tim_ex.o
                0x00000000080074fc                HAL_TIMEx_MasterConfigSynchronization
 .text.HAL_TIMEx_CommutCallback
                0x0000000008007618       0x14 ./Drivers/STM32G4xx_HAL_Driver/Src/stm32g4xx_hal_tim_ex.o
                0x0000000008007618                HAL_TIMEx_CommutCallback
 .text.HAL_TIMEx_BreakCallback
                0x000000000800762c       0x14 ./Drivers/STM32G4xx_HAL_Driver/Src/stm32g4xx_hal_tim_ex.o
                0x000000000800762c                HAL_TIMEx_BreakCallback
 .text.HAL_TIMEx_Break2Callback
                0x0000000008007640       0x14 ./Drivers/STM32G4xx_HAL_Driver/Src/stm32g4xx_hal_tim_ex.o
                0x0000000008007640                HAL_TIMEx_Break2Callback
 .text.HAL_TIMEx_EncoderIndexCallback
                0x0000000008007654       0x14 ./Drivers/STM32G4xx_HAL_Driver/Src/stm32g4xx_hal_tim_ex.o
                0x0000000008007654                HAL_TIMEx_EncoderIndexCallback
 .text.HAL_TIMEx_DirectionChangeCallback
                0x0000000008007668       0x14 ./Drivers/STM32G4xx_HAL_Driver/Src/stm32g4xx_hal_tim_ex.o
                0x0000000008007668                HAL_TIMEx_DirectionChangeCallback
 .text.HAL_TIMEx_IndexErrorCallback
                0x000000000800767c       0x14 ./Drivers/STM32G4xx_HAL_Driver/Src/stm32g4xx_hal_tim_ex.o
                0x000000000800767c                HAL_TIMEx_IndexErrorCallback
 .text.HAL_TIMEx_TransitionErrorCallback
                0x0000000008007690       0x14 ./Drivers/STM32G4xx_HAL_Driver/Src/stm32g4xx_hal_tim_ex.o
                0x0000000008007690                HAL_TIMEx_TransitionErrorCallback
 .text.HAL_UART_Init
                0x00000000080076a4       0xa0 ./Drivers/STM32G4xx_HAL_Driver/Src/stm32g4xx_hal_uart.o
                0x00000000080076a4                HAL_UART_Init
 .text.HAL_UART_Transmit_IT
                0x0000000008007744      0x150 ./Drivers/STM32G4xx_HAL_Driver/Src/stm32g4xx_hal_uart.o
                0x0000000008007744                HAL_UART_Transmit_IT
 .text.HAL_UART_Receive_IT
                0x0000000008007894       0xac ./Drivers/STM32G4xx_HAL_Driver/Src/stm32g4xx_hal_uart.o
                0x0000000008007894                HAL_UART_Receive_IT
 .text.HAL_UART_IRQHandler
                0x0000000008007940      0x630 ./Drivers/STM32G4xx_HAL_Driver/Src/stm32g4xx_hal_uart.o
                0x0000000008007940                HAL_UART_IRQHandler
 .text.HAL_UART_TxCpltCallback
                0x0000000008007f70       0x14 ./Drivers/STM32G4xx_HAL_Driver/Src/stm32g4xx_hal_uart.o
                0x0000000008007f70                HAL_UART_TxCpltCallback
 .text.HAL_UART_ErrorCallback
                0x0000000008007f84       0x14 ./Drivers/STM32G4xx_HAL_Driver/Src/stm32g4xx_hal_uart.o
                0x0000000008007f84                HAL_UART_ErrorCallback
 .text.HAL_UARTEx_RxEventCallback
                0x0000000008007f98       0x18 ./Drivers/STM32G4xx_HAL_Driver/Src/stm32g4xx_hal_uart.o
                0x0000000008007f98                HAL_UARTEx_RxEventCallback
 .text.UART_SetConfig
                0x0000000008007fb0      0x5f8 ./Drivers/STM32G4xx_HAL_Driver/Src/stm32g4xx_hal_uart.o
                0x0000000008007fb0                UART_SetConfig
 .text.UART_AdvFeatureConfig
                0x00000000080085a8      0x144 ./Drivers/STM32G4xx_HAL_Driver/Src/stm32g4xx_hal_uart.o
                0x00000000080085a8                UART_AdvFeatureConfig
 .text.UART_CheckIdleState
                0x00000000080086ec       0x96 ./Drivers/STM32G4xx_HAL_Driver/Src/stm32g4xx_hal_uart.o
                0x00000000080086ec                UART_CheckIdleState
 .text.UART_WaitOnFlagUntilTimeout
                0x0000000008008782      0x190 ./Drivers/STM32G4xx_HAL_Driver/Src/stm32g4xx_hal_uart.o
                0x0000000008008782                UART_WaitOnFlagUntilTimeout
 *fill*         0x0000000008008912        0x2 
 .text.UART_Start_Receive_IT
                0x0000000008008914      0x254 ./Drivers/STM32G4xx_HAL_Driver/Src/stm32g4xx_hal_uart.o
                0x0000000008008914                UART_Start_Receive_IT
 .text.UART_EndRxTransfer
                0x0000000008008b68       0xcc ./Drivers/STM32G4xx_HAL_Driver/Src/stm32g4xx_hal_uart.o
 .text.UART_DMAAbortOnError
                0x0000000008008c34       0x2c ./Drivers/STM32G4xx_HAL_Driver/Src/stm32g4xx_hal_uart.o
 .text.UART_TxISR_8BIT
                0x0000000008008c60       0xb8 ./Drivers/STM32G4xx_HAL_Driver/Src/stm32g4xx_hal_uart.o
 .text.UART_TxISR_16BIT
                0x0000000008008d18       0xc2 ./Drivers/STM32G4xx_HAL_Driver/Src/stm32g4xx_hal_uart.o
 .text.UART_TxISR_8BIT_FIFOEN
                0x0000000008008dda       0xe0 ./Drivers/STM32G4xx_HAL_Driver/Src/stm32g4xx_hal_uart.o
 .text.UART_TxISR_16BIT_FIFOEN
                0x0000000008008eba       0xea ./Drivers/STM32G4xx_HAL_Driver/Src/stm32g4xx_hal_uart.o
 .text.UART_EndTransmit_IT
                0x0000000008008fa4       0x56 ./Drivers/STM32G4xx_HAL_Driver/Src/stm32g4xx_hal_uart.o
 .text.UART_RxISR_8BIT
                0x0000000008008ffa      0x160 ./Drivers/STM32G4xx_HAL_Driver/Src/stm32g4xx_hal_uart.o
 .text.UART_RxISR_16BIT
                0x000000000800915a      0x160 ./Drivers/STM32G4xx_HAL_Driver/Src/stm32g4xx_hal_uart.o
 *fill*         0x00000000080092ba        0x2 
 .text.UART_RxISR_8BIT_FIFOEN
                0x00000000080092bc      0x2f8 ./Drivers/STM32G4xx_HAL_Driver/Src/stm32g4xx_hal_uart.o
 .text.UART_RxISR_16BIT_FIFOEN
                0x00000000080095b4      0x300 ./Drivers/STM32G4xx_HAL_Driver/Src/stm32g4xx_hal_uart.o
 .text.HAL_UARTEx_WakeupCallback
                0x00000000080098b4       0x14 ./Drivers/STM32G4xx_HAL_Driver/Src/stm32g4xx_hal_uart_ex.o
                0x00000000080098b4                HAL_UARTEx_WakeupCallback
 .text.HAL_UARTEx_RxFifoFullCallback
                0x00000000080098c8       0x14 ./Drivers/STM32G4xx_HAL_Driver/Src/stm32g4xx_hal_uart_ex.o
                0x00000000080098c8                HAL_UARTEx_RxFifoFullCallback
 .text.HAL_UARTEx_TxFifoEmptyCallback
                0x00000000080098dc       0x14 ./Drivers/STM32G4xx_HAL_Driver/Src/stm32g4xx_hal_uart_ex.o
                0x00000000080098dc                HAL_UARTEx_TxFifoEmptyCallback
 .text.HAL_UARTEx_DisableFifoMode
                0x00000000080098f0       0x72 ./Drivers/STM32G4xx_HAL_Driver/Src/stm32g4xx_hal_uart_ex.o
                0x00000000080098f0                HAL_UARTEx_DisableFifoMode
 .text.HAL_UARTEx_SetTxFifoThreshold
                0x0000000008009962       0x7c ./Drivers/STM32G4xx_HAL_Driver/Src/stm32g4xx_hal_uart_ex.o
                0x0000000008009962                HAL_UARTEx_SetTxFifoThreshold
 .text.HAL_UARTEx_SetRxFifoThreshold
                0x00000000080099de       0x7c ./Drivers/STM32G4xx_HAL_Driver/Src/stm32g4xx_hal_uart_ex.o
                0x00000000080099de                HAL_UARTEx_SetRxFifoThreshold
 *fill*         0x0000000008009a5a        0x2 
 .text.UARTEx_SetNbDataToProcess
                0x0000000008009a5c       0x9c ./Drivers/STM32G4xx_HAL_Driver/Src/stm32g4xx_hal_uart_ex.o
 .text.memcmp   0x0000000008009af8       0x20 /Applications/STM32CubeIDE.app/Contents/Eclipse/plugins/com.st.stm32cube.ide.mcu.externaltools.gnu-tools-for-stm32.11.3.rel1.macos64_1.1.100.202310310803/tools/bin/../lib/gcc/arm-none-eabi/11.3.1/../../../../arm-none-eabi/lib/thumb/v7e-m+fp/hard/libc_nano.a(libc_a-memcmp.o)
                0x0000000008009af8                memcmp
 .text.memset   0x0000000008009b18       0x10 /Applications/STM32CubeIDE.app/Contents/Eclipse/plugins/com.st.stm32cube.ide.mcu.externaltools.gnu-tools-for-stm32.11.3.rel1.macos64_1.1.100.202310310803/tools/bin/../lib/gcc/arm-none-eabi/11.3.1/../../../../arm-none-eabi/lib/thumb/v7e-m+fp/hard/libc_nano.a(libc_a-memset.o)
                0x0000000008009b18                memset
 .text.__libc_init_array
                0x0000000008009b28       0x48 /Applications/STM32CubeIDE.app/Contents/Eclipse/plugins/com.st.stm32cube.ide.mcu.externaltools.gnu-tools-for-stm32.11.3.rel1.macos64_1.1.100.202310310803/tools/bin/../lib/gcc/arm-none-eabi/11.3.1/../../../../arm-none-eabi/lib/thumb/v7e-m+fp/hard/libc_nano.a(libc_a-init.o)
                0x0000000008009b28                __libc_init_array
 .text.memcpy   0x0000000008009b70       0x1c /Applications/STM32CubeIDE.app/Contents/Eclipse/plugins/com.st.stm32cube.ide.mcu.externaltools.gnu-tools-for-stm32.11.3.rel1.macos64_1.1.100.202310310803/tools/bin/../lib/gcc/arm-none-eabi/11.3.1/../../../../arm-none-eabi/lib/thumb/v7e-m+fp/hard/libc_nano.a(libc_a-memcpy-stub.o)
                0x0000000008009b70                memcpy
 *(.glue_7)
 .glue_7        0x0000000008009b8c        0x0 linker stubs
 *(.glue_7t)
 .glue_7t       0x0000000008009b8c        0x0 linker stubs
 *(.eh_frame)
 .eh_frame      0x0000000008009b8c        0x0 /Applications/STM32CubeIDE.app/Contents/Eclipse/plugins/com.st.stm32cube.ide.mcu.externaltools.gnu-tools-for-stm32.11.3.rel1.macos64_1.1.100.202310310803/tools/bin/../lib/gcc/arm-none-eabi/11.3.1/thumb/v7e-m+fp/hard/crtbegin.o
 *(.init)
 .init          0x0000000008009b8c        0x4 /Applications/STM32CubeIDE.app/Contents/Eclipse/plugins/com.st.stm32cube.ide.mcu.externaltools.gnu-tools-for-stm32.11.3.rel1.macos64_1.1.100.202310310803/tools/bin/../lib/gcc/arm-none-eabi/11.3.1/thumb/v7e-m+fp/hard/crti.o
                0x0000000008009b8c                _init
 .init          0x0000000008009b90        0x8 /Applications/STM32CubeIDE.app/Contents/Eclipse/plugins/com.st.stm32cube.ide.mcu.externaltools.gnu-tools-for-stm32.11.3.rel1.macos64_1.1.100.202310310803/tools/bin/../lib/gcc/arm-none-eabi/11.3.1/thumb/v7e-m+fp/hard/crtn.o
 *(.fini)
 .fini          0x0000000008009b98        0x4 /Applications/STM32CubeIDE.app/Contents/Eclipse/plugins/com.st.stm32cube.ide.mcu.externaltools.gnu-tools-for-stm32.11.3.rel1.macos64_1.1.100.202310310803/tools/bin/../lib/gcc/arm-none-eabi/11.3.1/thumb/v7e-m+fp/hard/crti.o
                0x0000000008009b98                _fini
 .fini          0x0000000008009b9c        0x8 /Applications/STM32CubeIDE.app/Contents/Eclipse/plugins/com.st.stm32cube.ide.mcu.externaltools.gnu-tools-for-stm32.11.3.rel1.macos64_1.1.100.202310310803/tools/bin/../lib/gcc/arm-none-eabi/11.3.1/thumb/v7e-m+fp/hard/crtn.o
                0x0000000008009ba4                . = ALIGN (0x4)
                0x0000000008009ba4                _etext = .

.vfp11_veneer   0x0000000008009ba4        0x0
 .vfp11_veneer  0x0000000008009ba4        0x0 linker stubs

.v4_bx          0x0000000008009ba4        0x0
 .v4_bx         0x0000000008009ba4        0x0 linker stubs

.iplt           0x0000000008009ba4        0x0
 .iplt          0x0000000008009ba4        0x0 /Applications/STM32CubeIDE.app/Contents/Eclipse/plugins/com.st.stm32cube.ide.mcu.externaltools.gnu-tools-for-stm32.11.3.rel1.macos64_1.1.100.202310310803/tools/bin/../lib/gcc/arm-none-eabi/11.3.1/thumb/v7e-m+fp/hard/crtbegin.o

.rodata         0x0000000008009ba4      0x1a4
                0x0000000008009ba4                . = ALIGN (0x4)
 *(.rodata)
 .rodata        0x0000000008009ba4       0x10 ./Core/Src/main.o
 *(.rodata*)
 .rodata.mavlink_sha256_constant_256
                0x0000000008009bb4      0x100 ./Core/Src/main.o
 .rodata.mavlink_message_crcs.1
                0x0000000008009cb4       0x54 ./Core/Src/main.o
 .rodata.AHBPrescTable
                0x0000000008009d08       0x10 ./Core/Src/system_stm32g4xx.o
                0x0000000008009d08                AHBPrescTable
 .rodata.APBPrescTable
                0x0000000008009d18        0x8 ./Core/Src/system_stm32g4xx.o
                0x0000000008009d18                APBPrescTable
 .rodata.UARTPrescTable
                0x0000000008009d20       0x18 ./Drivers/STM32G4xx_HAL_Driver/Src/stm32g4xx_hal_uart.o
                0x0000000008009d20                UARTPrescTable
 .rodata.numerator.1
                0x0000000008009d38        0x8 ./Drivers/STM32G4xx_HAL_Driver/Src/stm32g4xx_hal_uart_ex.o
 .rodata.denominator.0
                0x0000000008009d40        0x8 ./Drivers/STM32G4xx_HAL_Driver/Src/stm32g4xx_hal_uart_ex.o
                0x0000000008009d48                . = ALIGN (0x4)

.ARM.extab      0x0000000008009d48        0x0
                0x0000000008009d48                . = ALIGN (0x4)
 *(.ARM.extab* .gnu.linkonce.armextab.*)
                0x0000000008009d48                . = ALIGN (0x4)

.ARM            0x0000000008009d48        0x8
                0x0000000008009d48                . = ALIGN (0x4)
                0x0000000008009d48                __exidx_start = .
 *(.ARM.exidx*)
 .ARM.exidx     0x0000000008009d48        0x8 /Applications/STM32CubeIDE.app/Contents/Eclipse/plugins/com.st.stm32cube.ide.mcu.externaltools.gnu-tools-for-stm32.11.3.rel1.macos64_1.1.100.202310310803/tools/bin/../lib/gcc/arm-none-eabi/11.3.1/thumb/v7e-m+fp/hard/libgcc.a(_udivmoddi4.o)
                0x0000000008009d50                __exidx_end = .
                0x0000000008009d50                . = ALIGN (0x4)

.rel.dyn        0x0000000008009d50        0x0
 .rel.iplt      0x0000000008009d50        0x0 /Applications/STM32CubeIDE.app/Contents/Eclipse/plugins/com.st.stm32cube.ide.mcu.externaltools.gnu-tools-for-stm32.11.3.rel1.macos64_1.1.100.202310310803/tools/bin/../lib/gcc/arm-none-eabi/11.3.1/thumb/v7e-m+fp/hard/crtbegin.o

.preinit_array  0x0000000008009d50        0x0
                0x0000000008009d50                . = ALIGN (0x4)
                0x0000000008009d50                PROVIDE (__preinit_array_start = .)
 *(.preinit_array*)
                0x0000000008009d50                PROVIDE (__preinit_array_end = .)
                0x0000000008009d50                . = ALIGN (0x4)

.init_array     0x0000000008009d50        0x4
                0x0000000008009d50                . = ALIGN (0x4)
                0x0000000008009d50                PROVIDE (__init_array_start = .)
 *(SORT_BY_NAME(.init_array.*))
 *(.init_array*)
 .init_array    0x0000000008009d50        0x4 /Applications/STM32CubeIDE.app/Contents/Eclipse/plugins/com.st.stm32cube.ide.mcu.externaltools.gnu-tools-for-stm32.11.3.rel1.macos64_1.1.100.202310310803/tools/bin/../lib/gcc/arm-none-eabi/11.3.1/thumb/v7e-m+fp/hard/crtbegin.o
                0x0000000008009d54                PROVIDE (__init_array_end = .)
                0x0000000008009d54                . = ALIGN (0x4)

.fini_array     0x0000000008009d54        0x4
                0x0000000008009d54                . = ALIGN (0x4)
                [!provide]                        PROVIDE (__fini_array_start = .)
 *(SORT_BY_NAME(.fini_array.*))
 *(.fini_array*)
 .fini_array    0x0000000008009d54        0x4 /Applications/STM32CubeIDE.app/Contents/Eclipse/plugins/com.st.stm32cube.ide.mcu.externaltools.gnu-tools-for-stm32.11.3.rel1.macos64_1.1.100.202310310803/tools/bin/../lib/gcc/arm-none-eabi/11.3.1/thumb/v7e-m+fp/hard/crtbegin.o
                [!provide]                        PROVIDE (__fini_array_end = .)
                0x0000000008009d58                . = ALIGN (0x4)
                0x0000000008009d58                _sidata = LOADADDR (.data)

.data           0x0000000020000000        0xc load address 0x0000000008009d58
                0x0000000020000000                . = ALIGN (0x4)
                0x0000000020000000                _sdata = .
 *(.data)
 *(.data*)
 .data.SystemCoreClock
                0x0000000020000000        0x4 ./Core/Src/system_stm32g4xx.o
                0x0000000020000000                SystemCoreClock
 .data.uwTickPrio
                0x0000000020000004        0x4 ./Drivers/STM32G4xx_HAL_Driver/Src/stm32g4xx_hal.o
                0x0000000020000004                uwTickPrio
 .data.uwTickFreq
                0x0000000020000008        0x4 ./Drivers/STM32G4xx_HAL_Driver/Src/stm32g4xx_hal.o
                0x0000000020000008                uwTickFreq
 *(.RamFunc)
 *(.RamFunc*)
                0x000000002000000c                . = ALIGN (0x4)
                0x000000002000000c                _edata = .

.igot.plt       0x000000002000000c        0x0 load address 0x0000000008009d64
 .igot.plt      0x000000002000000c        0x0 /Applications/STM32CubeIDE.app/Contents/Eclipse/plugins/com.st.stm32cube.ide.mcu.externaltools.gnu-tools-for-stm32.11.3.rel1.macos64_1.1.100.202310310803/tools/bin/../lib/gcc/arm-none-eabi/11.3.1/thumb/v7e-m+fp/hard/crtbegin.o
                0x000000002000000c                . = ALIGN (0x4)

.bss            0x000000002000000c      0x9a0 load address 0x0000000008009d64
                0x000000002000000c                _sbss = .
                0x000000002000000c                __bss_start__ = _sbss
 *(.bss)
 .bss           0x000000002000000c       0x1c /Applications/STM32CubeIDE.app/Contents/Eclipse/plugins/com.st.stm32cube.ide.mcu.externaltools.gnu-tools-for-stm32.11.3.rel1.macos64_1.1.100.202310310803/tools/bin/../lib/gcc/arm-none-eabi/11.3.1/thumb/v7e-m+fp/hard/crtbegin.o
 *(.bss*)
 .bss.mavlink_system
                0x0000000020000028        0x2 ./Core/Src/main.o
                0x0000000020000028                mavlink_system
 *fill*         0x000000002000002a        0x2 
 .bss.hadc1     0x000000002000002c       0x6c ./Core/Src/main.o
                0x000000002000002c                hadc1
 .bss.hdma_adc1
                0x0000000020000098       0x60 ./Core/Src/main.o
                0x0000000020000098                hdma_adc1
 .bss.hfdcan2   0x00000000200000f8       0x64 ./Core/Src/main.o
                0x00000000200000f8                hfdcan2
 .bss.htim3     0x000000002000015c       0x4c ./Core/Src/main.o
                0x000000002000015c                htim3
 .bss.htim4     0x00000000200001a8       0x4c ./Core/Src/main.o
                0x00000000200001a8                htim4
 .bss.huart1    0x00000000200001f4       0x90 ./Core/Src/main.o
                0x00000000200001f4                huart1
 .bss.UART_RX_Buffer
                0x0000000020000284      0x118 ./Core/Src/main.o
                0x0000000020000284                UART_RX_Buffer
 .bss.UART_RX_Buffer_NextFreeByteIndex
                0x000000002000039c        0x2 ./Core/Src/main.o
                0x000000002000039c                UART_RX_Buffer_NextFreeByteIndex
 *fill*         0x000000002000039e        0x2 
 .bss.UART_RX_Received_Message
                0x00000000200003a0      0x118 ./Core/Src/main.o
                0x00000000200003a0                UART_RX_Received_Message
 .bss.UART_RX_Received_NextFreeByteIndex
                0x00000000200004b8        0x2 ./Core/Src/main.o
                0x00000000200004b8                UART_RX_Received_NextFreeByteIndex
 .bss.FLAG_UART_line_IDLE
                0x00000000200004ba        0x1 ./Core/Src/main.o
                0x00000000200004ba                FLAG_UART_line_IDLE
 .bss.UART_RX_Byte
                0x00000000200004bb        0x1 ./Core/Src/main.o
                0x00000000200004bb                UART_RX_Byte
 .bss.m_mavlink_status.2
                0x00000000200004bc       0x60 ./Core/Src/main.o
 .bss.m_mavlink_buffer.0
                0x000000002000051c      0x48c ./Core/Src/main.o
 .bss.uwTick    0x00000000200009a8        0x4 ./Drivers/STM32G4xx_HAL_Driver/Src/stm32g4xx_hal.o
                0x00000000200009a8                uwTick
 *(COMMON)
                0x00000000200009ac                . = ALIGN (0x4)
                0x00000000200009ac                _ebss = .
                0x00000000200009ac                __bss_end__ = _ebss

._user_heap_stack
                0x00000000200009ac      0x604 load address 0x0000000008009d64
                0x00000000200009b0                . = ALIGN (0x8)
 *fill*         0x00000000200009ac        0x4 
                [!provide]                        PROVIDE (end = .)
                0x00000000200009b0                PROVIDE (_end = .)
                0x0000000020000bb0                . = (. + _Min_Heap_Size)
 *fill*         0x00000000200009b0      0x200 
                0x0000000020000fb0                . = (. + _Min_Stack_Size)
 *fill*         0x0000000020000bb0      0x400 
                0x0000000020000fb0                . = ALIGN (0x8)

/DISCARD/
 libc.a(*)
 libm.a(*)
 libgcc.a(*)

.ARM.attributes
                0x0000000000000000       0x30
 *(.ARM.attributes)
 .ARM.attributes
                0x0000000000000000       0x1e /Applications/STM32CubeIDE.app/Contents/Eclipse/plugins/com.st.stm32cube.ide.mcu.externaltools.gnu-tools-for-stm32.11.3.rel1.macos64_1.1.100.202310310803/tools/bin/../lib/gcc/arm-none-eabi/11.3.1/thumb/v7e-m+fp/hard/crti.o
 .ARM.attributes
                0x000000000000001e       0x34 /Applications/STM32CubeIDE.app/Contents/Eclipse/plugins/com.st.stm32cube.ide.mcu.externaltools.gnu-tools-for-stm32.11.3.rel1.macos64_1.1.100.202310310803/tools/bin/../lib/gcc/arm-none-eabi/11.3.1/thumb/v7e-m+fp/hard/crtbegin.o
 .ARM.attributes
                0x0000000000000052       0x34 ./Core/Src/main.o
 .ARM.attributes
                0x0000000000000086       0x34 ./Core/Src/stm32g4xx_hal_msp.o
 .ARM.attributes
                0x00000000000000ba       0x34 ./Core/Src/stm32g4xx_it.o
 .ARM.attributes
                0x00000000000000ee       0x34 ./Core/Src/system_stm32g4xx.o
 .ARM.attributes
                0x0000000000000122       0x21 ./Core/Startup/startup_stm32g491retx.o
 .ARM.attributes
                0x0000000000000143       0x34 ./Drivers/STM32G4xx_HAL_Driver/Src/stm32g4xx_hal.o
 .ARM.attributes
                0x0000000000000177       0x34 ./Drivers/STM32G4xx_HAL_Driver/Src/stm32g4xx_hal_adc.o
 .ARM.attributes
                0x00000000000001ab       0x34 ./Drivers/STM32G4xx_HAL_Driver/Src/stm32g4xx_hal_adc_ex.o
 .ARM.attributes
                0x00000000000001df       0x34 ./Drivers/STM32G4xx_HAL_Driver/Src/stm32g4xx_hal_cortex.o
 .ARM.attributes
                0x0000000000000213       0x34 ./Drivers/STM32G4xx_HAL_Driver/Src/stm32g4xx_hal_dma.o
 .ARM.attributes
                0x0000000000000247       0x34 ./Drivers/STM32G4xx_HAL_Driver/Src/stm32g4xx_hal_fdcan.o
 .ARM.attributes
                0x000000000000027b       0x34 ./Drivers/STM32G4xx_HAL_Driver/Src/stm32g4xx_hal_gpio.o
 .ARM.attributes
                0x00000000000002af       0x34 ./Drivers/STM32G4xx_HAL_Driver/Src/stm32g4xx_hal_pwr_ex.o
 .ARM.attributes
                0x00000000000002e3       0x34 ./Drivers/STM32G4xx_HAL_Driver/Src/stm32g4xx_hal_rcc.o
 .ARM.attributes
                0x0000000000000317       0x34 ./Drivers/STM32G4xx_HAL_Driver/Src/stm32g4xx_hal_rcc_ex.o
 .ARM.attributes
                0x000000000000034b       0x34 ./Drivers/STM32G4xx_HAL_Driver/Src/stm32g4xx_hal_tim.o
 .ARM.attributes
                0x000000000000037f       0x34 ./Drivers/STM32G4xx_HAL_Driver/Src/stm32g4xx_hal_tim_ex.o
 .ARM.attributes
                0x00000000000003b3       0x34 ./Drivers/STM32G4xx_HAL_Driver/Src/stm32g4xx_hal_uart.o
 .ARM.attributes
                0x00000000000003e7       0x34 ./Drivers/STM32G4xx_HAL_Driver/Src/stm32g4xx_hal_uart_ex.o
 .ARM.attributes
                0x000000000000041b       0x34 /Applications/STM32CubeIDE.app/Contents/Eclipse/plugins/com.st.stm32cube.ide.mcu.externaltools.gnu-tools-for-stm32.11.3.rel1.macos64_1.1.100.202310310803/tools/bin/../lib/gcc/arm-none-eabi/11.3.1/../../../../arm-none-eabi/lib/thumb/v7e-m+fp/hard/libc_nano.a(libc_a-memcmp.o)
 .ARM.attributes
                0x000000000000044f       0x34 /Applications/STM32CubeIDE.app/Contents/Eclipse/plugins/com.st.stm32cube.ide.mcu.externaltools.gnu-tools-for-stm32.11.3.rel1.macos64_1.1.100.202310310803/tools/bin/../lib/gcc/arm-none-eabi/11.3.1/../../../../arm-none-eabi/lib/thumb/v7e-m+fp/hard/libc_nano.a(libc_a-memset.o)
 .ARM.attributes
                0x0000000000000483       0x34 /Applications/STM32CubeIDE.app/Contents/Eclipse/plugins/com.st.stm32cube.ide.mcu.externaltools.gnu-tools-for-stm32.11.3.rel1.macos64_1.1.100.202310310803/tools/bin/../lib/gcc/arm-none-eabi/11.3.1/../../../../arm-none-eabi/lib/thumb/v7e-m+fp/hard/libc_nano.a(libc_a-init.o)
 .ARM.attributes
                0x00000000000004b7       0x34 /Applications/STM32CubeIDE.app/Contents/Eclipse/plugins/com.st.stm32cube.ide.mcu.externaltools.gnu-tools-for-stm32.11.3.rel1.macos64_1.1.100.202310310803/tools/bin/../lib/gcc/arm-none-eabi/11.3.1/../../../../arm-none-eabi/lib/thumb/v7e-m+fp/hard/libc_nano.a(libc_a-memcpy-stub.o)
 .ARM.attributes
                0x00000000000004eb       0x1e /Applications/STM32CubeIDE.app/Contents/Eclipse/plugins/com.st.stm32cube.ide.mcu.externaltools.gnu-tools-for-stm32.11.3.rel1.macos64_1.1.100.202310310803/tools/bin/../lib/gcc/arm-none-eabi/11.3.1/thumb/v7e-m+fp/hard/libgcc.a(_aeabi_uldivmod.o)
 .ARM.attributes
                0x0000000000000509       0x34 /Applications/STM32CubeIDE.app/Contents/Eclipse/plugins/com.st.stm32cube.ide.mcu.externaltools.gnu-tools-for-stm32.11.3.rel1.macos64_1.1.100.202310310803/tools/bin/../lib/gcc/arm-none-eabi/11.3.1/thumb/v7e-m+fp/hard/libgcc.a(_udivmoddi4.o)
 .ARM.attributes
                0x000000000000053d       0x1e /Applications/STM32CubeIDE.app/Contents/Eclipse/plugins/com.st.stm32cube.ide.mcu.externaltools.gnu-tools-for-stm32.11.3.rel1.macos64_1.1.100.202310310803/tools/bin/../lib/gcc/arm-none-eabi/11.3.1/thumb/v7e-m+fp/hard/libgcc.a(_dvmd_tls.o)
 .ARM.attributes
                0x000000000000055b       0x1e /Applications/STM32CubeIDE.app/Contents/Eclipse/plugins/com.st.stm32cube.ide.mcu.externaltools.gnu-tools-for-stm32.11.3.rel1.macos64_1.1.100.202310310803/tools/bin/../lib/gcc/arm-none-eabi/11.3.1/thumb/v7e-m+fp/hard/crtn.o
OUTPUT(CTU_SR_Zora_MAVLink.elf elf32-littlearm)
LOAD linker stubs
LOAD /Applications/STM32CubeIDE.app/Contents/Eclipse/plugins/com.st.stm32cube.ide.mcu.externaltools.gnu-tools-for-stm32.11.3.rel1.macos64_1.1.100.202310310803/tools/bin/../lib/gcc/arm-none-eabi/11.3.1/../../../../arm-none-eabi/lib/thumb/v7e-m+fp/hard/libc.a
LOAD /Applications/STM32CubeIDE.app/Contents/Eclipse/plugins/com.st.stm32cube.ide.mcu.externaltools.gnu-tools-for-stm32.11.3.rel1.macos64_1.1.100.202310310803/tools/bin/../lib/gcc/arm-none-eabi/11.3.1/../../../../arm-none-eabi/lib/thumb/v7e-m+fp/hard/libm.a
LOAD /Applications/STM32CubeIDE.app/Contents/Eclipse/plugins/com.st.stm32cube.ide.mcu.externaltools.gnu-tools-for-stm32.11.3.rel1.macos64_1.1.100.202310310803/tools/bin/../lib/gcc/arm-none-eabi/11.3.1/thumb/v7e-m+fp/hard/libgcc.a

.comment        0x0000000000000000       0x43
 .comment       0x0000000000000000       0x43 /Applications/STM32CubeIDE.app/Contents/Eclipse/plugins/com.st.stm32cube.ide.mcu.externaltools.gnu-tools-for-stm32.11.3.rel1.macos64_1.1.100.202310310803/tools/bin/../lib/gcc/arm-none-eabi/11.3.1/thumb/v7e-m+fp/hard/crtbegin.o
                                         0x44 (size before relaxing)
 .comment       0x0000000000000043       0x44 ./Core/Src/main.o
 .comment       0x0000000000000043       0x44 ./Core/Src/stm32g4xx_hal_msp.o
 .comment       0x0000000000000043       0x44 ./Core/Src/stm32g4xx_it.o
 .comment       0x0000000000000043       0x44 ./Core/Src/system_stm32g4xx.o
 .comment       0x0000000000000043       0x44 ./Drivers/STM32G4xx_HAL_Driver/Src/stm32g4xx_hal.o
 .comment       0x0000000000000043       0x44 ./Drivers/STM32G4xx_HAL_Driver/Src/stm32g4xx_hal_adc.o
 .comment       0x0000000000000043       0x44 ./Drivers/STM32G4xx_HAL_Driver/Src/stm32g4xx_hal_adc_ex.o
 .comment       0x0000000000000043       0x44 ./Drivers/STM32G4xx_HAL_Driver/Src/stm32g4xx_hal_cortex.o
 .comment       0x0000000000000043       0x44 ./Drivers/STM32G4xx_HAL_Driver/Src/stm32g4xx_hal_dma.o
 .comment       0x0000000000000043       0x44 ./Drivers/STM32G4xx_HAL_Driver/Src/stm32g4xx_hal_fdcan.o
 .comment       0x0000000000000043       0x44 ./Drivers/STM32G4xx_HAL_Driver/Src/stm32g4xx_hal_gpio.o
 .comment       0x0000000000000043       0x44 ./Drivers/STM32G4xx_HAL_Driver/Src/stm32g4xx_hal_pwr_ex.o
 .comment       0x0000000000000043       0x44 ./Drivers/STM32G4xx_HAL_Driver/Src/stm32g4xx_hal_rcc.o
 .comment       0x0000000000000043       0x44 ./Drivers/STM32G4xx_HAL_Driver/Src/stm32g4xx_hal_rcc_ex.o
 .comment       0x0000000000000043       0x44 ./Drivers/STM32G4xx_HAL_Driver/Src/stm32g4xx_hal_tim.o
 .comment       0x0000000000000043       0x44 ./Drivers/STM32G4xx_HAL_Driver/Src/stm32g4xx_hal_tim_ex.o
 .comment       0x0000000000000043       0x44 ./Drivers/STM32G4xx_HAL_Driver/Src/stm32g4xx_hal_uart.o
 .comment       0x0000000000000043       0x44 ./Drivers/STM32G4xx_HAL_Driver/Src/stm32g4xx_hal_uart_ex.o

.debug_info     0x0000000000000000    0x1b5a5
 .debug_info    0x0000000000000000     0x40e2 ./Core/Src/main.o
 .debug_info    0x00000000000040e2     0x1eae ./Core/Src/stm32g4xx_hal_msp.o
 .debug_info    0x0000000000005f90     0x11fe ./Core/Src/stm32g4xx_it.o
 .debug_info    0x000000000000718e      0x58e ./Core/Src/system_stm32g4xx.o
 .debug_info    0x000000000000771c       0x23 ./Core/Startup/startup_stm32g491retx.o
 .debug_info    0x000000000000773f      0xae7 ./Drivers/STM32G4xx_HAL_Driver/Src/stm32g4xx_hal.o
 .debug_info    0x0000000000008226     0x203d ./Drivers/STM32G4xx_HAL_Driver/Src/stm32g4xx_hal_adc.o
 .debug_info    0x000000000000a263     0x1d67 ./Drivers/STM32G4xx_HAL_Driver/Src/stm32g4xx_hal_adc_ex.o
 .debug_info    0x000000000000bfca      0xd41 ./Drivers/STM32G4xx_HAL_Driver/Src/stm32g4xx_hal_cortex.o
 .debug_info    0x000000000000cd0b      0x85f ./Drivers/STM32G4xx_HAL_Driver/Src/stm32g4xx_hal_dma.o
 .debug_info    0x000000000000d56a     0x185b ./Drivers/STM32G4xx_HAL_Driver/Src/stm32g4xx_hal_fdcan.o
 .debug_info    0x000000000000edc5      0x763 ./Drivers/STM32G4xx_HAL_Driver/Src/stm32g4xx_hal_gpio.o
 .debug_info    0x000000000000f528      0x93f ./Drivers/STM32G4xx_HAL_Driver/Src/stm32g4xx_hal_pwr_ex.o
 .debug_info    0x000000000000fe67      0xb82 ./Drivers/STM32G4xx_HAL_Driver/Src/stm32g4xx_hal_rcc.o
 .debug_info    0x00000000000109e9      0xc39 ./Drivers/STM32G4xx_HAL_Driver/Src/stm32g4xx_hal_rcc_ex.o
 .debug_info    0x0000000000011622     0x2bfd ./Drivers/STM32G4xx_HAL_Driver/Src/stm32g4xx_hal_tim.o
 .debug_info    0x000000000001421f     0x1d63 ./Drivers/STM32G4xx_HAL_Driver/Src/stm32g4xx_hal_tim_ex.o
 .debug_info    0x0000000000015f82     0x46a0 ./Drivers/STM32G4xx_HAL_Driver/Src/stm32g4xx_hal_uart.o
 .debug_info    0x000000000001a622      0xf83 ./Drivers/STM32G4xx_HAL_Driver/Src/stm32g4xx_hal_uart_ex.o

.debug_abbrev   0x0000000000000000     0x2e8e
 .debug_abbrev  0x0000000000000000      0x554 ./Core/Src/main.o
 .debug_abbrev  0x0000000000000554      0x286 ./Core/Src/stm32g4xx_hal_msp.o
 .debug_abbrev  0x00000000000007da      0x21c ./Core/Src/stm32g4xx_it.o
 .debug_abbrev  0x00000000000009f6      0x11a ./Core/Src/system_stm32g4xx.o
 .debug_abbrev  0x0000000000000b10       0x12 ./Core/Startup/startup_stm32g491retx.o
 .debug_abbrev  0x0000000000000b22      0x271 ./Drivers/STM32G4xx_HAL_Driver/Src/stm32g4xx_hal.o
 .debug_abbrev  0x0000000000000d93      0x2d3 ./Drivers/STM32G4xx_HAL_Driver/Src/stm32g4xx_hal_adc.o
 .debug_abbrev  0x0000000000001066      0x2ee ./Drivers/STM32G4xx_HAL_Driver/Src/stm32g4xx_hal_adc_ex.o
 .debug_abbrev  0x0000000000001354      0x31c ./Drivers/STM32G4xx_HAL_Driver/Src/stm32g4xx_hal_cortex.o
 .debug_abbrev  0x0000000000001670      0x1e2 ./Drivers/STM32G4xx_HAL_Driver/Src/stm32g4xx_hal_dma.o
 .debug_abbrev  0x0000000000001852      0x1ef ./Drivers/STM32G4xx_HAL_Driver/Src/stm32g4xx_hal_fdcan.o
 .debug_abbrev  0x0000000000001a41      0x1cb ./Drivers/STM32G4xx_HAL_Driver/Src/stm32g4xx_hal_gpio.o
 .debug_abbrev  0x0000000000001c0c      0x22c ./Drivers/STM32G4xx_HAL_Driver/Src/stm32g4xx_hal_pwr_ex.o
 .debug_abbrev  0x0000000000001e38      0x2c9 ./Drivers/STM32G4xx_HAL_Driver/Src/stm32g4xx_hal_rcc.o
 .debug_abbrev  0x0000000000002101      0x258 ./Drivers/STM32G4xx_HAL_Driver/Src/stm32g4xx_hal_rcc_ex.o
 .debug_abbrev  0x0000000000002359      0x2a0 ./Drivers/STM32G4xx_HAL_Driver/Src/stm32g4xx_hal_tim.o
 .debug_abbrev  0x00000000000025f9      0x2be ./Drivers/STM32G4xx_HAL_Driver/Src/stm32g4xx_hal_tim_ex.o
 .debug_abbrev  0x00000000000028b7      0x304 ./Drivers/STM32G4xx_HAL_Driver/Src/stm32g4xx_hal_uart.o
 .debug_abbrev  0x0000000000002bbb      0x2d3 ./Drivers/STM32G4xx_HAL_Driver/Src/stm32g4xx_hal_uart_ex.o

.debug_aranges  0x0000000000000000     0x17d0
 .debug_aranges
                0x0000000000000000      0x1c0 ./Core/Src/main.o
 .debug_aranges
                0x00000000000001c0       0x68 ./Core/Src/stm32g4xx_hal_msp.o
 .debug_aranges
                0x0000000000000228       0x88 ./Core/Src/stm32g4xx_it.o
 .debug_aranges
                0x00000000000002b0       0x28 ./Core/Src/system_stm32g4xx.o
 .debug_aranges
                0x00000000000002d8       0x28 ./Core/Startup/startup_stm32g491retx.o
 .debug_aranges
                0x0000000000000300      0x130 ./Drivers/STM32G4xx_HAL_Driver/Src/stm32g4xx_hal.o
 .debug_aranges
                0x0000000000000430      0x248 ./Drivers/STM32G4xx_HAL_Driver/Src/stm32g4xx_hal_adc.o
 .debug_aranges
                0x0000000000000678      0x1c0 ./Drivers/STM32G4xx_HAL_Driver/Src/stm32g4xx_hal_adc_ex.o
 .debug_aranges
                0x0000000000000838      0x118 ./Drivers/STM32G4xx_HAL_Driver/Src/stm32g4xx_hal_cortex.o
 .debug_aranges
                0x0000000000000950       0x90 ./Drivers/STM32G4xx_HAL_Driver/Src/stm32g4xx_hal_dma.o
 .debug_aranges
                0x00000000000009e0      0x208 ./Drivers/STM32G4xx_HAL_Driver/Src/stm32g4xx_hal_fdcan.o
 .debug_aranges
                0x0000000000000be8       0x58 ./Drivers/STM32G4xx_HAL_Driver/Src/stm32g4xx_hal_gpio.o
 .debug_aranges
                0x0000000000000c40      0x140 ./Drivers/STM32G4xx_HAL_Driver/Src/stm32g4xx_hal_pwr_ex.o
 .debug_aranges
                0x0000000000000d80       0x98 ./Drivers/STM32G4xx_HAL_Driver/Src/stm32g4xx_hal_rcc.o
 .debug_aranges
                0x0000000000000e18       0xb0 ./Drivers/STM32G4xx_HAL_Driver/Src/stm32g4xx_hal_rcc_ex.o
 .debug_aranges
                0x0000000000000ec8      0x3e0 ./Drivers/STM32G4xx_HAL_Driver/Src/stm32g4xx_hal_tim.o
 .debug_aranges
                0x00000000000012a8      0x240 ./Drivers/STM32G4xx_HAL_Driver/Src/stm32g4xx_hal_tim_ex.o
 .debug_aranges
                0x00000000000014e8      0x248 ./Drivers/STM32G4xx_HAL_Driver/Src/stm32g4xx_hal_uart.o
 .debug_aranges
                0x0000000000001730       0xa0 ./Drivers/STM32G4xx_HAL_Driver/Src/stm32g4xx_hal_uart_ex.o

.debug_rnglists
                0x0000000000000000     0x12a6
 .debug_rnglists
                0x0000000000000000      0x170 ./Core/Src/main.o
 .debug_rnglists
                0x0000000000000170       0x4d ./Core/Src/stm32g4xx_hal_msp.o
 .debug_rnglists
                0x00000000000001bd       0x61 ./Core/Src/stm32g4xx_it.o
 .debug_rnglists
                0x000000000000021e       0x1a ./Core/Src/system_stm32g4xx.o
 .debug_rnglists
                0x0000000000000238       0x19 ./Core/Startup/startup_stm32g491retx.o
 .debug_rnglists
                0x0000000000000251       0xdf ./Drivers/STM32G4xx_HAL_Driver/Src/stm32g4xx_hal.o
 .debug_rnglists
                0x0000000000000330      0x1c0 ./Drivers/STM32G4xx_HAL_Driver/Src/stm32g4xx_hal_adc.o
 .debug_rnglists
                0x00000000000004f0      0x15a ./Drivers/STM32G4xx_HAL_Driver/Src/stm32g4xx_hal_adc_ex.o
 .debug_rnglists
                0x000000000000064a       0xce ./Drivers/STM32G4xx_HAL_Driver/Src/stm32g4xx_hal_cortex.o
 .debug_rnglists
                0x0000000000000718       0x71 ./Drivers/STM32G4xx_HAL_Driver/Src/stm32g4xx_hal_dma.o
 .debug_rnglists
                0x0000000000000789      0x18d ./Drivers/STM32G4xx_HAL_Driver/Src/stm32g4xx_hal_fdcan.o
 .debug_rnglists
                0x0000000000000916       0x3f ./Drivers/STM32G4xx_HAL_Driver/Src/stm32g4xx_hal_gpio.o
 .debug_rnglists
                0x0000000000000955       0xf1 ./Drivers/STM32G4xx_HAL_Driver/Src/stm32g4xx_hal_pwr_ex.o
 .debug_rnglists
                0x0000000000000a46       0x74 ./Drivers/STM32G4xx_HAL_Driver/Src/stm32g4xx_hal_rcc.o
 .debug_rnglists
                0x0000000000000aba       0x87 ./Drivers/STM32G4xx_HAL_Driver/Src/stm32g4xx_hal_rcc_ex.o
 .debug_rnglists
                0x0000000000000b41      0x328 ./Drivers/STM32G4xx_HAL_Driver/Src/stm32g4xx_hal_tim.o
 .debug_rnglists
                0x0000000000000e69      0x1cb ./Drivers/STM32G4xx_HAL_Driver/Src/stm32g4xx_hal_tim_ex.o
 .debug_rnglists
                0x0000000000001034      0x1f9 ./Drivers/STM32G4xx_HAL_Driver/Src/stm32g4xx_hal_uart.o
 .debug_rnglists
                0x000000000000122d       0x79 ./Drivers/STM32G4xx_HAL_Driver/Src/stm32g4xx_hal_uart_ex.o

.debug_macro    0x0000000000000000    0x223c7
 .debug_macro   0x0000000000000000      0x40f ./Core/Src/main.o
 .debug_macro   0x000000000000040f      0xaa8 ./Core/Src/main.o
 .debug_macro   0x0000000000000eb7      0x167 ./Core/Src/main.o
 .debug_macro   0x000000000000101e       0x2e ./Core/Src/main.o
 .debug_macro   0x000000000000104c       0x28 ./Core/Src/main.o
 .debug_macro   0x0000000000001074       0x22 ./Core/Src/main.o
 .debug_macro   0x0000000000001096       0x8e ./Core/Src/main.o
 .debug_macro   0x0000000000001124       0x51 ./Core/Src/main.o
 .debug_macro   0x0000000000001175      0x103 ./Core/Src/main.o
 .debug_macro   0x0000000000001278       0x6a ./Core/Src/main.o
 .debug_macro   0x00000000000012e2      0x1df ./Core/Src/main.o
 .debug_macro   0x00000000000014c1       0x1c ./Core/Src/main.o
 .debug_macro   0x00000000000014dd       0x22 ./Core/Src/main.o
 .debug_macro   0x00000000000014ff       0xfb ./Core/Src/main.o
 .debug_macro   0x00000000000015fa     0x1011 ./Core/Src/main.o
 .debug_macro   0x000000000000260b      0x11f ./Core/Src/main.o
 .debug_macro   0x000000000000272a    0x11e6a ./Core/Src/main.o
 .debug_macro   0x0000000000014594       0x6d ./Core/Src/main.o
 .debug_macro   0x0000000000014601     0x3554 ./Core/Src/main.o
 .debug_macro   0x0000000000017b55      0x174 ./Core/Src/main.o
 .debug_macro   0x0000000000017cc9       0x5c ./Core/Src/main.o
 .debug_macro   0x0000000000017d25     0x1535 ./Core/Src/main.o
 .debug_macro   0x000000000001925a      0x5cf ./Core/Src/main.o
 .debug_macro   0x0000000000019829      0x1b6 ./Core/Src/main.o
 .debug_macro   0x00000000000199df      0x2d0 ./Core/Src/main.o
 .debug_macro   0x0000000000019caf      0x4a2 ./Core/Src/main.o
 .debug_macro   0x000000000001a151      0x18b ./Core/Src/main.o
 .debug_macro   0x000000000001a2dc       0x43 ./Core/Src/main.o
 .debug_macro   0x000000000001a31f      0x23d ./Core/Src/main.o
 .debug_macro   0x000000000001a55c     0x10fd ./Core/Src/main.o
 .debug_macro   0x000000000001b659      0x72e ./Core/Src/main.o
 .debug_macro   0x000000000001bd87      0x391 ./Core/Src/main.o
 .debug_macro   0x000000000001c118      0x211 ./Core/Src/main.o
 .debug_macro   0x000000000001c329      0x6af ./Core/Src/main.o
 .debug_macro   0x000000000001c9d8      0x416 ./Core/Src/main.o
 .debug_macro   0x000000000001cdee      0x10e ./Core/Src/main.o
 .debug_macro   0x000000000001cefc      0x122 ./Core/Src/main.o
 .debug_macro   0x000000000001d01e      0x3d1 ./Core/Src/main.o
 .debug_macro   0x000000000001d3ef      0xbcc ./Core/Src/main.o
 .debug_macro   0x000000000001dfbb      0x4ee ./Core/Src/main.o
 .debug_macro   0x000000000001e4a9      0x67e ./Core/Src/main.o
 .debug_macro   0x000000000001eb27       0xa6 ./Core/Src/main.o
 .debug_macro   0x000000000001ebcd      0x321 ./Core/Src/main.o
 .debug_macro   0x000000000001eeee       0x40 ./Core/Src/main.o
 .debug_macro   0x000000000001ef2e       0x10 ./Core/Src/main.o
 .debug_macro   0x000000000001ef3e       0x10 ./Core/Src/main.o
 .debug_macro   0x000000000001ef4e       0x2e ./Core/Src/main.o
 .debug_macro   0x000000000001ef7c       0x1c ./Core/Src/main.o
 .debug_macro   0x000000000001ef98       0x1c ./Core/Src/main.o
 .debug_macro   0x000000000001efb4       0x61 ./Core/Src/main.o
 .debug_macro   0x000000000001f015       0x2a ./Core/Src/main.o
 .debug_macro   0x000000000001f03f       0x43 ./Core/Src/main.o
 .debug_macro   0x000000000001f082       0x34 ./Core/Src/main.o
 .debug_macro   0x000000000001f0b6       0x16 ./Core/Src/main.o
 .debug_macro   0x000000000001f0cc       0x43 ./Core/Src/main.o
 .debug_macro   0x000000000001f10f       0x34 ./Core/Src/main.o
 .debug_macro   0x000000000001f143       0x10 ./Core/Src/main.o
 .debug_macro   0x000000000001f153       0x58 ./Core/Src/main.o
 .debug_macro   0x000000000001f1ab       0x8e ./Core/Src/main.o
 .debug_macro   0x000000000001f239       0x1c ./Core/Src/main.o
 .debug_macro   0x000000000001f255      0x177 ./Core/Src/main.o
 .debug_macro   0x000000000001f3cc      0x369 ./Core/Src/main.o
 .debug_macro   0x000000000001f735       0x10 ./Core/Src/main.o
 .debug_macro   0x000000000001f745       0x35 ./Core/Src/main.o
 .debug_macro   0x000000000001f77a       0x20 ./Core/Src/main.o
 .debug_macro   0x000000000001f79a       0x22 ./Core/Src/main.o
 .debug_macro   0x000000000001f7bc       0xbf ./Core/Src/main.o
 .debug_macro   0x000000000001f87b       0x2e ./Core/Src/main.o
 .debug_macro   0x000000000001f8a9       0x10 ./Core/Src/main.o
 .debug_macro   0x000000000001f8b9      0x19b ./Core/Src/main.o
 .debug_macro   0x000000000001fa54       0x1c ./Core/Src/main.o
 .debug_macro   0x000000000001fa70       0x10 ./Core/Src/main.o
 .debug_macro   0x000000000001fa80       0x1c ./Core/Src/main.o
 .debug_macro   0x000000000001fa9c       0x16 ./Core/Src/main.o
 .debug_macro   0x000000000001fab2      0x147 ./Core/Src/main.o
 .debug_macro   0x000000000001fbf9       0x57 ./Core/Src/main.o
 .debug_macro   0x000000000001fc50       0x12 ./Core/Src/main.o
 .debug_macro   0x000000000001fc62       0x7b ./Core/Src/main.o
 .debug_macro   0x000000000001fcdd       0x54 ./Core/Src/main.o
 .debug_macro   0x000000000001fd31       0x34 ./Core/Src/main.o
 .debug_macro   0x000000000001fd65       0x34 ./Core/Src/main.o
 .debug_macro   0x000000000001fd99       0x34 ./Core/Src/main.o
 .debug_macro   0x000000000001fdcd       0x34 ./Core/Src/main.o
 .debug_macro   0x000000000001fe01       0x34 ./Core/Src/main.o
 .debug_macro   0x000000000001fe35       0x34 ./Core/Src/main.o
 .debug_macro   0x000000000001fe69       0x40 ./Core/Src/main.o
 .debug_macro   0x000000000001fea9       0x12 ./Core/Src/main.o
 .debug_macro   0x000000000001febb      0x20a ./Core/Src/stm32g4xx_hal_msp.o
 .debug_macro   0x00000000000200c5      0x2e2 ./Core/Src/stm32g4xx_it.o
 .debug_macro   0x00000000000203a7      0x1fb ./Core/Src/system_stm32g4xx.o
 .debug_macro   0x00000000000205a2      0x249 ./Drivers/STM32G4xx_HAL_Driver/Src/stm32g4xx_hal.o
 .debug_macro   0x00000000000207eb      0x218 ./Drivers/STM32G4xx_HAL_Driver/Src/stm32g4xx_hal_adc.o
 .debug_macro   0x0000000000020a03      0x207 ./Drivers/STM32G4xx_HAL_Driver/Src/stm32g4xx_hal_adc_ex.o
 .debug_macro   0x0000000000020c0a      0x1fb ./Drivers/STM32G4xx_HAL_Driver/Src/stm32g4xx_hal_cortex.o
 .debug_macro   0x0000000000020e05      0x1fb ./Drivers/STM32G4xx_HAL_Driver/Src/stm32g4xx_hal_dma.o
 .debug_macro   0x0000000000021000      0x30d ./Drivers/STM32G4xx_HAL_Driver/Src/stm32g4xx_hal_fdcan.o
 .debug_macro   0x000000000002130d      0x202 ./Drivers/STM32G4xx_HAL_Driver/Src/stm32g4xx_hal_gpio.o
 .debug_macro   0x000000000002150f      0x225 ./Drivers/STM32G4xx_HAL_Driver/Src/stm32g4xx_hal_pwr_ex.o
 .debug_macro   0x0000000000021734      0x23d ./Drivers/STM32G4xx_HAL_Driver/Src/stm32g4xx_hal_rcc.o
 .debug_macro   0x0000000000021971      0x225 ./Drivers/STM32G4xx_HAL_Driver/Src/stm32g4xx_hal_rcc_ex.o
 .debug_macro   0x0000000000021b96      0x203 ./Drivers/STM32G4xx_HAL_Driver/Src/stm32g4xx_hal_tim.o
 .debug_macro   0x0000000000021d99      0x201 ./Drivers/STM32G4xx_HAL_Driver/Src/stm32g4xx_hal_tim_ex.o
 .debug_macro   0x0000000000021f9a      0x226 ./Drivers/STM32G4xx_HAL_Driver/Src/stm32g4xx_hal_uart.o
 .debug_macro   0x00000000000221c0      0x207 ./Drivers/STM32G4xx_HAL_Driver/Src/stm32g4xx_hal_uart_ex.o

.debug_line     0x0000000000000000    0x19ac2
 .debug_line    0x0000000000000000     0x1fc6 ./Core/Src/main.o
 .debug_line    0x0000000000001fc6      0x934 ./Core/Src/stm32g4xx_hal_msp.o
 .debug_line    0x00000000000028fa      0xa1b ./Core/Src/stm32g4xx_it.o
 .debug_line    0x0000000000003315      0x7c8 ./Core/Src/system_stm32g4xx.o
 .debug_line    0x0000000000003add       0x7b ./Core/Startup/startup_stm32g491retx.o
 .debug_line    0x0000000000003b58      0xb3f ./Drivers/STM32G4xx_HAL_Driver/Src/stm32g4xx_hal.o
 .debug_line    0x0000000000004697     0x20fe ./Drivers/STM32G4xx_HAL_Driver/Src/stm32g4xx_hal_adc.o
 .debug_line    0x0000000000006795     0x1b08 ./Drivers/STM32G4xx_HAL_Driver/Src/stm32g4xx_hal_adc_ex.o
 .debug_line    0x000000000000829d      0xcf2 ./Drivers/STM32G4xx_HAL_Driver/Src/stm32g4xx_hal_cortex.o
 .debug_line    0x0000000000008f8f      0xeab ./Drivers/STM32G4xx_HAL_Driver/Src/stm32g4xx_hal_dma.o
 .debug_line    0x0000000000009e3a     0x18b1 ./Drivers/STM32G4xx_HAL_Driver/Src/stm32g4xx_hal_fdcan.o
 .debug_line    0x000000000000b6eb      0xb82 ./Drivers/STM32G4xx_HAL_Driver/Src/stm32g4xx_hal_gpio.o
 .debug_line    0x000000000000c26d      0xcf6 ./Drivers/STM32G4xx_HAL_Driver/Src/stm32g4xx_hal_pwr_ex.o
 .debug_line    0x000000000000cf63      0xf52 ./Drivers/STM32G4xx_HAL_Driver/Src/stm32g4xx_hal_rcc.o
 .debug_line    0x000000000000deb5     0x1222 ./Drivers/STM32G4xx_HAL_Driver/Src/stm32g4xx_hal_rcc_ex.o
 .debug_line    0x000000000000f0d7     0x3f26 ./Drivers/STM32G4xx_HAL_Driver/Src/stm32g4xx_hal_tim.o
 .debug_line    0x0000000000012ffd     0x2121 ./Drivers/STM32G4xx_HAL_Driver/Src/stm32g4xx_hal_tim_ex.o
 .debug_line    0x000000000001511e     0x3bba ./Drivers/STM32G4xx_HAL_Driver/Src/stm32g4xx_hal_uart.o
 .debug_line    0x0000000000018cd8      0xdea ./Drivers/STM32G4xx_HAL_Driver/Src/stm32g4xx_hal_uart_ex.o

.debug_str      0x0000000000000000    0xecf10
 .debug_str     0x0000000000000000    0xe683e ./Core/Src/main.o
                                      0xe70e5 (size before relaxing)
 .debug_str     0x00000000000e683e      0x30c ./Core/Src/stm32g4xx_hal_msp.o
                                      0xde606 (size before relaxing)
 .debug_str     0x00000000000e6b4a      0x179 ./Core/Src/stm32g4xx_it.o
                                      0xe0ce1 (size before relaxing)
 .debug_str     0x00000000000e6cc3       0xdb ./Core/Src/system_stm32g4xx.o
                                      0xdcec6 (size before relaxing)
 .debug_str     0x00000000000e6d9e       0x34 ./Core/Startup/startup_stm32g491retx.o
                                         0x79 (size before relaxing)
 .debug_str     0x00000000000e6dd2      0x5af ./Drivers/STM32G4xx_HAL_Driver/Src/stm32g4xx_hal.o
                                      0xddaaa (size before relaxing)
 .debug_str     0x00000000000e7381      0xb1b ./Drivers/STM32G4xx_HAL_Driver/Src/stm32g4xx_hal_adc.o
                                      0xddf17 (size before relaxing)
 .debug_str     0x00000000000e7e9c      0x65d ./Drivers/STM32G4xx_HAL_Driver/Src/stm32g4xx_hal_adc_ex.o
                                      0xdde8d (size before relaxing)
 .debug_str     0x00000000000e84f9      0x313 ./Drivers/STM32G4xx_HAL_Driver/Src/stm32g4xx_hal_cortex.o
                                      0xdd755 (size before relaxing)
 .debug_str     0x00000000000e880c      0x280 ./Drivers/STM32G4xx_HAL_Driver/Src/stm32g4xx_hal_dma.o
                                      0xdd2a0 (size before relaxing)
 .debug_str     0x00000000000e8a8c     0x12f8 ./Drivers/STM32G4xx_HAL_Driver/Src/stm32g4xx_hal_fdcan.o
                                      0xde45f (size before relaxing)
 .debug_str     0x00000000000e9d84       0xff ./Drivers/STM32G4xx_HAL_Driver/Src/stm32g4xx_hal_gpio.o
                                      0xdd051 (size before relaxing)
 .debug_str     0x00000000000e9e83      0x495 ./Drivers/STM32G4xx_HAL_Driver/Src/stm32g4xx_hal_pwr_ex.o
                                      0xdd3b4 (size before relaxing)
 .debug_str     0x00000000000ea318      0x4e0 ./Drivers/STM32G4xx_HAL_Driver/Src/stm32g4xx_hal_rcc.o
                                      0xdd5bf (size before relaxing)
 .debug_str     0x00000000000ea7f8      0x40b ./Drivers/STM32G4xx_HAL_Driver/Src/stm32g4xx_hal_rcc_ex.o
                                      0xdd5fc (size before relaxing)
 .debug_str     0x00000000000eac03      0xe72 ./Drivers/STM32G4xx_HAL_Driver/Src/stm32g4xx_hal_tim.o
                                      0xde3b4 (size before relaxing)
 .debug_str     0x00000000000eba75      0x8f7 ./Drivers/STM32G4xx_HAL_Driver/Src/stm32g4xx_hal_tim_ex.o
                                      0xde038 (size before relaxing)
 .debug_str     0x00000000000ec36c      0x95a ./Drivers/STM32G4xx_HAL_Driver/Src/stm32g4xx_hal_uart.o
                                      0xdde59 (size before relaxing)
 .debug_str     0x00000000000eccc6      0x24a ./Drivers/STM32G4xx_HAL_Driver/Src/stm32g4xx_hal_uart_ex.o
                                      0xdd63d (size before relaxing)

.debug_frame    0x0000000000000000     0x6928
 .debug_frame   0x0000000000000000      0x7c0 ./Core/Src/main.o
 .debug_frame   0x00000000000007c0      0x184 ./Core/Src/stm32g4xx_hal_msp.o
 .debug_frame   0x0000000000000944      0x190 ./Core/Src/stm32g4xx_it.o
 .debug_frame   0x0000000000000ad4       0x58 ./Core/Src/system_stm32g4xx.o
 .debug_frame   0x0000000000000b2c      0x4a0 ./Drivers/STM32G4xx_HAL_Driver/Src/stm32g4xx_hal.o
 .debug_frame   0x0000000000000fcc      0xacc ./Drivers/STM32G4xx_HAL_Driver/Src/stm32g4xx_hal_adc.o
 .debug_frame   0x0000000000001a98      0x81c ./Drivers/STM32G4xx_HAL_Driver/Src/stm32g4xx_hal_adc_ex.o
 .debug_frame   0x00000000000022b4      0x498 ./Drivers/STM32G4xx_HAL_Driver/Src/stm32g4xx_hal_cortex.o
 .debug_frame   0x000000000000274c      0x24c ./Drivers/STM32G4xx_HAL_Driver/Src/stm32g4xx_hal_dma.o
 .debug_frame   0x0000000000002998      0x9b0 ./Drivers/STM32G4xx_HAL_Driver/Src/stm32g4xx_hal_fdcan.o
 .debug_frame   0x0000000000003348      0x14c ./Drivers/STM32G4xx_HAL_Driver/Src/stm32g4xx_hal_gpio.o
 .debug_frame   0x0000000000003494      0x4fc ./Drivers/STM32G4xx_HAL_Driver/Src/stm32g4xx_hal_pwr_ex.o
 .debug_frame   0x0000000000003990      0x23c ./Drivers/STM32G4xx_HAL_Driver/Src/stm32g4xx_hal_rcc.o
 .debug_frame   0x0000000000003bcc      0x2ac ./Drivers/STM32G4xx_HAL_Driver/Src/stm32g4xx_hal_rcc_ex.o
 .debug_frame   0x0000000000003e78     0x121c ./Drivers/STM32G4xx_HAL_Driver/Src/stm32g4xx_hal_tim.o
 .debug_frame   0x0000000000005094      0xa68 ./Drivers/STM32G4xx_HAL_Driver/Src/stm32g4xx_hal_tim_ex.o
 .debug_frame   0x0000000000005afc      0xa94 ./Drivers/STM32G4xx_HAL_Driver/Src/stm32g4xx_hal_uart.o
 .debug_frame   0x0000000000006590      0x29c ./Drivers/STM32G4xx_HAL_Driver/Src/stm32g4xx_hal_uart_ex.o
 .debug_frame   0x000000000000682c       0x28 /Applications/STM32CubeIDE.app/Contents/Eclipse/plugins/com.st.stm32cube.ide.mcu.externaltools.gnu-tools-for-stm32.11.3.rel1.macos64_1.1.100.202310310803/tools/bin/../lib/gcc/arm-none-eabi/11.3.1/../../../../arm-none-eabi/lib/thumb/v7e-m+fp/hard/libc_nano.a(libc_a-memcmp.o)
 .debug_frame   0x0000000000006854       0x20 /Applications/STM32CubeIDE.app/Contents/Eclipse/plugins/com.st.stm32cube.ide.mcu.externaltools.gnu-tools-for-stm32.11.3.rel1.macos64_1.1.100.202310310803/tools/bin/../lib/gcc/arm-none-eabi/11.3.1/../../../../arm-none-eabi/lib/thumb/v7e-m+fp/hard/libc_nano.a(libc_a-memset.o)
 .debug_frame   0x0000000000006874       0x2c /Applications/STM32CubeIDE.app/Contents/Eclipse/plugins/com.st.stm32cube.ide.mcu.externaltools.gnu-tools-for-stm32.11.3.rel1.macos64_1.1.100.202310310803/tools/bin/../lib/gcc/arm-none-eabi/11.3.1/../../../../arm-none-eabi/lib/thumb/v7e-m+fp/hard/libc_nano.a(libc_a-init.o)
 .debug_frame   0x00000000000068a0       0x28 /Applications/STM32CubeIDE.app/Contents/Eclipse/plugins/com.st.stm32cube.ide.mcu.externaltools.gnu-tools-for-stm32.11.3.rel1.macos64_1.1.100.202310310803/tools/bin/../lib/gcc/arm-none-eabi/11.3.1/../../../../arm-none-eabi/lib/thumb/v7e-m+fp/hard/libc_nano.a(libc_a-memcpy-stub.o)
 .debug_frame   0x00000000000068c8       0x2c /Applications/STM32CubeIDE.app/Contents/Eclipse/plugins/com.st.stm32cube.ide.mcu.externaltools.gnu-tools-for-stm32.11.3.rel1.macos64_1.1.100.202310310803/tools/bin/../lib/gcc/arm-none-eabi/11.3.1/thumb/v7e-m+fp/hard/libgcc.a(_aeabi_uldivmod.o)
 .debug_frame   0x00000000000068f4       0x34 /Applications/STM32CubeIDE.app/Contents/Eclipse/plugins/com.st.stm32cube.ide.mcu.externaltools.gnu-tools-for-stm32.11.3.rel1.macos64_1.1.100.202310310803/tools/bin/../lib/gcc/arm-none-eabi/11.3.1/thumb/v7e-m+fp/hard/libgcc.a(_udivmoddi4.o)

.debug_line_str
                0x0000000000000000       0x6d
 .debug_line_str
                0x0000000000000000       0x6d ./Core/Startup/startup_stm32g491retx.o
                                         0x85 (size before relaxing)
