/Users/42r0n/STM32CubeIDE/workspace_1.11.2/CTU_SR_Zora_MAVLink/Libs/MAVLink/implementation/MAVLinkConvenieceFunctions.h:11:6:comm_send_ch	2
/Users/42r0n/STM32CubeIDE/workspace_1.11.2/CTU_SR_Zora_MAVLink/Libs/MAVLink/implementation/MAVLinkConvenieceFunctions.h:18:6:MAVLINK_SEND_UART_BYTES	2
/Users/42r0n/STM32CubeIDE/workspace_1.11.2/CTU_SR_Zora_MAVLink/Libs/MAVLink/generated/ctu_sr_illustria_2/../checksum.h:35:20:crc_accumulate	1
/Users/42r0n/STM32CubeIDE/workspace_1.11.2/CTU_SR_Zora_MAVLink/Libs/MAVLink/generated/ctu_sr_illustria_2/../checksum.h:52:20:crc_init	1
/Users/42r0n/STM32CubeIDE/workspace_1.11.2/CTU_SR_Zora_MAVLink/Libs/MAVLink/generated/ctu_sr_illustria_2/../checksum.h:65:24:crc_calculate	2
/Users/42r0n/STM32CubeIDE/workspace_1.11.2/CTU_SR_Zora_MAVLink/Libs/MAVLink/generated/ctu_sr_illustria_2/../checksum.h:85:20:crc_accumulate_buffer	2
/Users/42r0n/STM32CubeIDE/workspace_1.11.2/CTU_SR_Zora_MAVLink/Libs/MAVLink/generated/ctu_sr_illustria_2/../mavlink_sha256.h:91:21:mavlink_sha256_init	1
/Users/42r0n/STM32CubeIDE/workspace_1.11.2/CTU_SR_Zora_MAVLink/Libs/MAVLink/generated/ctu_sr_illustria_2/../mavlink_sha256.h:105:20:mavlink_sha256_calc	4
/Users/42r0n/STM32CubeIDE/workspace_1.11.2/CTU_SR_Zora_MAVLink/Libs/MAVLink/generated/ctu_sr_illustria_2/../mavlink_sha256.h:152:21:mavlink_sha256_update	6
/Users/42r0n/STM32CubeIDE/workspace_1.11.2/CTU_SR_Zora_MAVLink/Libs/MAVLink/generated/ctu_sr_illustria_2/../mavlink_sha256.h:192:21:mavlink_sha256_final_48	1
/Users/42r0n/STM32CubeIDE/workspace_1.11.2/CTU_SR_Zora_MAVLink/Libs/MAVLink/generated/ctu_sr_illustria_2/../mavlink_helpers.h:23:34:mavlink_get_channel_status	1
/Users/42r0n/STM32CubeIDE/workspace_1.11.2/CTU_SR_Zora_MAVLink/Libs/MAVLink/generated/ctu_sr_illustria_2/../mavlink_helpers.h:39:35:mavlink_get_channel_buffer	1
/Users/42r0n/STM32CubeIDE/workspace_1.11.2/CTU_SR_Zora_MAVLink/Libs/MAVLink/generated/ctu_sr_illustria_2/../mavlink_helpers.h:73:24:mavlink_sign_packet	3
/Users/42r0n/STM32CubeIDE/workspace_1.11.2/CTU_SR_Zora_MAVLink/Libs/MAVLink/generated/ctu_sr_illustria_2/../mavlink_helpers.h:111:24:_mav_trim_payload	3
/Users/42r0n/STM32CubeIDE/workspace_1.11.2/CTU_SR_Zora_MAVLink/Libs/MAVLink/generated/ctu_sr_illustria_2/../mavlink_helpers.h:123:21:mavlink_signature_check	13
/Users/42r0n/STM32CubeIDE/workspace_1.11.2/CTU_SR_Zora_MAVLink/Libs/MAVLink/generated/ctu_sr_illustria_2/../mavlink_helpers.h:223:25:mavlink_finalize_message_buffer	10
/Users/42r0n/STM32CubeIDE/workspace_1.11.2/CTU_SR_Zora_MAVLink/Libs/MAVLink/generated/ctu_sr_illustria_2/../mavlink_helpers.h:292:25:mavlink_finalize_message_chan	1
/Users/42r0n/STM32CubeIDE/workspace_1.11.2/CTU_SR_Zora_MAVLink/Libs/MAVLink/generated/ctu_sr_illustria_2/../mavlink_helpers.h:302:25:mavlink_finalize_message	1
/Users/42r0n/STM32CubeIDE/workspace_1.11.2/CTU_SR_Zora_MAVLink/Libs/MAVLink/generated/ctu_sr_illustria_2/../mavlink_helpers.h:308:20:_mav_parse_error	1
/Users/42r0n/STM32CubeIDE/workspace_1.11.2/CTU_SR_Zora_MAVLink/Libs/MAVLink/generated/ctu_sr_illustria_2/../mavlink_helpers.h:447:25:mavlink_msg_to_send_buffer	4
/Users/42r0n/STM32CubeIDE/workspace_1.11.2/CTU_SR_Zora_MAVLink/Libs/MAVLink/generated/ctu_sr_illustria_2/../mavlink_helpers.h:500:21:mavlink_start_checksum	1
/Users/42r0n/STM32CubeIDE/workspace_1.11.2/CTU_SR_Zora_MAVLink/Libs/MAVLink/generated/ctu_sr_illustria_2/../mavlink_helpers.h:507:21:mavlink_update_checksum	1
/Users/42r0n/STM32CubeIDE/workspace_1.11.2/CTU_SR_Zora_MAVLink/Libs/MAVLink/generated/ctu_sr_illustria_2/../mavlink_helpers.h:518:43:mavlink_get_msg_entry	5
/Users/42r0n/STM32CubeIDE/workspace_1.11.2/CTU_SR_Zora_MAVLink/Libs/MAVLink/generated/ctu_sr_illustria_2/../mavlink_helpers.h:590:24:mavlink_frame_char_buffer	49
/Users/42r0n/STM32CubeIDE/workspace_1.11.2/CTU_SR_Zora_MAVLink/Libs/MAVLink/generated/ctu_sr_illustria_2/../mavlink_helpers.h:912:24:mavlink_frame_char	1
/Users/42r0n/STM32CubeIDE/workspace_1.11.2/CTU_SR_Zora_MAVLink/Libs/MAVLink/generated/ctu_sr_illustria_2/../mavlink_helpers.h:990:24:mavlink_parse_char	4
/Users/42r0n/STM32CubeIDE/workspace_1.11.2/CTU_SR_Zora_MAVLink/Libs/MAVLink/generated/ctu_sr_illustria_2/../protocol.h:171:20:mav_array_memcpy	2
/Users/42r0n/STM32CubeIDE/workspace_1.11.2/CTU_SR_Zora_MAVLink/Libs/MAVLink/generated/ctu_sr_illustria_2/./mavlink_msg_heartbeat.h:66:24:mavlink_msg_heartbeat_pack	1
/Users/42r0n/STM32CubeIDE/workspace_1.11.2/CTU_SR_Zora_MAVLink/Libs/MAVLink/generated/ctu_sr_illustria_2/./mavlink_msg_heartbeat.h:321:20:mavlink_msg_heartbeat_decode	1
/Users/42r0n/STM32CubeIDE/workspace_1.11.2/CTU_SR_Zora_MAVLink/Libs/MAVLink/generated/ctu_sr_illustria_2/./mavlink_msg_zora_led_status.h:55:24:mavlink_msg_zora_led_status_pack	1
/Users/42r0n/STM32CubeIDE/workspace_1.11.2/CTU_SR_Zora_MAVLink/Libs/MAVLink/generated/ctu_sr_illustria_2/./mavlink_msg_command_long.h:444:20:mavlink_msg_command_long_decode	1
/Users/42r0n/STM32CubeIDE/workspace_1.11.2/CTU_SR_Zora_MAVLink/Libs/MAVLink/generated/ctu_sr_illustria_2/./mavlink_msg_protocol_version.h:102:24:mavlink_msg_protocol_version_pack_chan	1
/Users/42r0n/STM32CubeIDE/workspace_1.11.2/CTU_SR_Zora_MAVLink/Libs/MAVLink/generated/ctu_sr_illustria_2/./mavlink_msg_protocol_version.h:293:20:mavlink_msg_protocol_version_decode	1
/Users/42r0n/STM32CubeIDE/workspace_1.11.2/CTU_SR_Zora_MAVLink/Libs/MAVLink/implementation/MAVLinkCommands.h:8:6:setLEDs	1
/Users/42r0n/STM32CubeIDE/workspace_1.11.2/CTU_SR_Zora_MAVLink/Libs/MAVLink/implementation/MAVLinkCommands.h:14:6:MAVlinkSetLEDs	1
/Users/42r0n/STM32CubeIDE/workspace_1.11.2/CTU_SR_Zora_MAVLink/Libs/MAVLink/implementation/MAVLinkMessages.h:10:6:MAVlinkWriteLEDstatus	1
/Users/42r0n/STM32CubeIDE/workspace_1.11.2/CTU_SR_Zora_MAVLink/Libs/MAVLink/implementation/MAVLinkCommon.h:13:6:MAVLinkSetCurrentSystem	1
/Users/42r0n/STM32CubeIDE/workspace_1.11.2/CTU_SR_Zora_MAVLink/Libs/MAVLink/implementation/MAVLinkCommon.h:18:5:MAVlinkWriteHearbeat	1
/Users/42r0n/STM32CubeIDE/workspace_1.11.2/CTU_SR_Zora_MAVLink/Libs/MAVLink/implementation/MAVLinkCommon.h:35:5:MAVlinkWriteProtocolVersion	1
/Users/42r0n/STM32CubeIDE/workspace_1.11.2/CTU_SR_Zora_MAVLink/Libs/MAVLink/implementation/MAVLinkCommon.h:62:6:MAVLinkHandleLongCommands	5
/Users/42r0n/STM32CubeIDE/workspace_1.11.2/CTU_SR_Zora_MAVLink/Libs/MAVLink/implementation/MAVLinkCommon.h:95:6:MAVLinkHandleReceivedMessage	5
/Users/42r0n/STM32CubeIDE/workspace_1.11.2/CTU_SR_Zora_MAVLink/Libs/MAVLink/implementation/MAVLinkCommon.h:128:6:MAVLinkParseBuffer	3
../Core/Src/main.c:98:5:main	3
../Core/Src/main.c:183:6:SystemClock_Config	3
../Core/Src/main.c:229:13:MX_ADC1_Init	7
../Core/Src/main.c:324:13:MX_FDCAN2_Init	2
../Core/Src/main.c:367:13:MX_TIM3_Init	7
../Core/Src/main.c:430:13:MX_TIM4_Init	4
../Core/Src/main.c:475:13:MX_USART1_UART_Init	5
../Core/Src/main.c:521:13:MX_DMA_Init	1
../Core/Src/main.c:540:13:MX_GPIO_Init	1
../Core/Src/main.c:576:6:HAL_UART_RxCpltCallback	1
../Core/Src/main.c:592:6:Error_Handler	1
