../Core/Inc/MAVLinkCommon.h:33:10:comm_send_ch	16	static
../Core/Inc/MAVLinkCommon.h:40:10:MAVLINK_SEND_UART_BYTES	16	static
/Users/42r0n/STM32CubeIDE/workspace_1.11.2/CTU_SR_Zora_MAVLink/Libs/MAVLink/generated/ctu_sr_illustria_2/../checksum.h:35:20:crc_accumulate	24	static
/Users/42r0n/STM32CubeIDE/workspace_1.11.2/CTU_SR_Zora_MAVLink/Libs/MAVLink/generated/ctu_sr_illustria_2/../checksum.h:52:20:crc_init	16	static
/Users/42r0n/STM32CubeIDE/workspace_1.11.2/CTU_SR_Zora_MAVLink/Libs/MAVLink/generated/ctu_sr_illustria_2/../checksum.h:65:24:crc_calculate	24	static
/Users/42r0n/STM32CubeIDE/workspace_1.11.2/CTU_SR_Zora_MAVLink/Libs/MAVLink/generated/ctu_sr_illustria_2/../checksum.h:85:20:crc_accumulate_buffer	32	static
/Users/42r0n/STM32CubeIDE/workspace_1.11.2/CTU_SR_Zora_MAVLink/Libs/MAVLink/generated/ctu_sr_illustria_2/../mavlink_sha256.h:91:21:mavlink_sha256_init	16	static
/Users/42r0n/STM32CubeIDE/workspace_1.11.2/CTU_SR_Zora_MAVLink/Libs/MAVLink/generated/ctu_sr_illustria_2/../mavlink_sha256.h:105:20:mavlink_sha256_calc	320	static
/Users/42r0n/STM32CubeIDE/workspace_1.11.2/CTU_SR_Zora_MAVLink/Libs/MAVLink/generated/ctu_sr_illustria_2/../mavlink_sha256.h:152:21:mavlink_sha256_update	120	static
/Users/42r0n/STM32CubeIDE/workspace_1.11.2/CTU_SR_Zora_MAVLink/Libs/MAVLink/generated/ctu_sr_illustria_2/../mavlink_sha256.h:192:21:mavlink_sha256_final_48	104	static
/Users/42r0n/STM32CubeIDE/workspace_1.11.2/CTU_SR_Zora_MAVLink/Libs/MAVLink/generated/ctu_sr_illustria_2/../mavlink_helpers.h:23:34:mavlink_get_channel_status	16	static
/Users/42r0n/STM32CubeIDE/workspace_1.11.2/CTU_SR_Zora_MAVLink/Libs/MAVLink/generated/ctu_sr_illustria_2/../mavlink_helpers.h:39:35:mavlink_get_channel_buffer	16	static
/Users/42r0n/STM32CubeIDE/workspace_1.11.2/CTU_SR_Zora_MAVLink/Libs/MAVLink/generated/ctu_sr_illustria_2/../mavlink_helpers.h:73:24:mavlink_sign_packet	144	static
/Users/42r0n/STM32CubeIDE/workspace_1.11.2/CTU_SR_Zora_MAVLink/Libs/MAVLink/generated/ctu_sr_illustria_2/../mavlink_helpers.h:111:24:_mav_trim_payload	16	static
/Users/42r0n/STM32CubeIDE/workspace_1.11.2/CTU_SR_Zora_MAVLink/Libs/MAVLink/generated/ctu_sr_illustria_2/../mavlink_helpers.h:123:21:mavlink_signature_check	184	static
/Users/42r0n/STM32CubeIDE/workspace_1.11.2/CTU_SR_Zora_MAVLink/Libs/MAVLink/generated/ctu_sr_illustria_2/../mavlink_helpers.h:223:25:mavlink_finalize_message_buffer	80	static
/Users/42r0n/STM32CubeIDE/workspace_1.11.2/CTU_SR_Zora_MAVLink/Libs/MAVLink/generated/ctu_sr_illustria_2/../mavlink_helpers.h:292:25:mavlink_finalize_message_chan	40	static
/Users/42r0n/STM32CubeIDE/workspace_1.11.2/CTU_SR_Zora_MAVLink/Libs/MAVLink/generated/ctu_sr_illustria_2/../mavlink_helpers.h:302:25:mavlink_finalize_message	32	static
/Users/42r0n/STM32CubeIDE/workspace_1.11.2/CTU_SR_Zora_MAVLink/Libs/MAVLink/generated/ctu_sr_illustria_2/../mavlink_helpers.h:308:20:_mav_parse_error	16	static
/Users/42r0n/STM32CubeIDE/workspace_1.11.2/CTU_SR_Zora_MAVLink/Libs/MAVLink/generated/ctu_sr_illustria_2/../mavlink_helpers.h:447:25:mavlink_msg_to_send_buffer	32	static
/Users/42r0n/STM32CubeIDE/workspace_1.11.2/CTU_SR_Zora_MAVLink/Libs/MAVLink/generated/ctu_sr_illustria_2/../mavlink_helpers.h:500:21:mavlink_start_checksum	24	static
/Users/42r0n/STM32CubeIDE/workspace_1.11.2/CTU_SR_Zora_MAVLink/Libs/MAVLink/generated/ctu_sr_illustria_2/../mavlink_helpers.h:507:21:mavlink_update_checksum	24	static
/Users/42r0n/STM32CubeIDE/workspace_1.11.2/CTU_SR_Zora_MAVLink/Libs/MAVLink/generated/ctu_sr_illustria_2/../mavlink_helpers.h:518:43:mavlink_get_msg_entry	32	static
/Users/42r0n/STM32CubeIDE/workspace_1.11.2/CTU_SR_Zora_MAVLink/Libs/MAVLink/generated/ctu_sr_illustria_2/../mavlink_helpers.h:590:24:mavlink_frame_char_buffer	40	static
/Users/42r0n/STM32CubeIDE/workspace_1.11.2/CTU_SR_Zora_MAVLink/Libs/MAVLink/generated/ctu_sr_illustria_2/../mavlink_helpers.h:912:24:mavlink_frame_char	40	static
/Users/42r0n/STM32CubeIDE/workspace_1.11.2/CTU_SR_Zora_MAVLink/Libs/MAVLink/generated/ctu_sr_illustria_2/../mavlink_helpers.h:990:24:mavlink_parse_char	40	static
/Users/42r0n/STM32CubeIDE/workspace_1.11.2/CTU_SR_Zora_MAVLink/Libs/MAVLink/generated/ctu_sr_illustria_2/../protocol.h:171:20:mav_array_memcpy	24	static
/Users/42r0n/STM32CubeIDE/workspace_1.11.2/CTU_SR_Zora_MAVLink/Libs/MAVLink/generated/ctu_sr_illustria_2/./mavlink_msg_heartbeat.h:66:24:mavlink_msg_heartbeat_pack	40	static
/Users/42r0n/STM32CubeIDE/workspace_1.11.2/CTU_SR_Zora_MAVLink/Libs/MAVLink/generated/ctu_sr_illustria_2/./mavlink_msg_heartbeat.h:321:20:mavlink_msg_heartbeat_decode	24	static
/Users/42r0n/STM32CubeIDE/workspace_1.11.2/CTU_SR_Zora_MAVLink/Libs/MAVLink/generated/ctu_sr_illustria_2/./mavlink_msg_zora_led_status.h:55:24:mavlink_msg_zora_led_status_pack	32	static
/Users/42r0n/STM32CubeIDE/workspace_1.11.2/CTU_SR_Zora_MAVLink/Libs/MAVLink/generated/ctu_sr_illustria_2/./mavlink_msg_command_long.h:444:20:mavlink_msg_command_long_decode	24	static
/Users/42r0n/STM32CubeIDE/workspace_1.11.2/CTU_SR_Zora_MAVLink/Libs/MAVLink/generated/ctu_sr_illustria_2/./mavlink_msg_protocol_version.h:102:24:mavlink_msg_protocol_version_pack_chan	56	static
/Users/42r0n/STM32CubeIDE/workspace_1.11.2/CTU_SR_Zora_MAVLink/Libs/MAVLink/generated/ctu_sr_illustria_2/./mavlink_msg_protocol_version.h:293:20:mavlink_msg_protocol_version_decode	24	static
../Core/Inc/MAVLinkCommon.h:98:5:MAVlinkWriteHearbeat	624	static
../Core/Inc/MAVLinkCommon.h:115:5:MAVlinkWriteProtocolVersion	648	static
../Core/Inc/MAVLinkCommon.h:142:6:MAVlinkWriteLEDstatus	616	static
../Core/Inc/MAVLinkCommon.h:166:6:setLEDs	16	static
../Core/Inc/MAVLinkCommon.h:172:6:MAVlinkSetLEDs	16	static
../Core/Inc/MAVLinkCommon.h:178:6:MAVLinkHandleLongCommands	24	static
../Core/Inc/MAVLinkCommon.h:211:6:MAVLinkHandleReceivedMessage	136	static
../Core/Inc/MAVLinkCommon.h:244:6:MAVLinkParseBuffer	336	static
../Core/Src/main.c:99:5:main	16	static
../Core/Src/main.c:181:6:SystemClock_Config	88	static
../Core/Src/main.c:227:13:MX_ADC1_Init	56	static
../Core/Src/main.c:322:13:MX_FDCAN2_Init	8	static
../Core/Src/main.c:365:13:MX_TIM3_Init	64	static
../Core/Src/main.c:428:13:MX_TIM4_Init	40	static
../Core/Src/main.c:473:13:MX_USART1_UART_Init	8	static
../Core/Src/main.c:519:13:MX_DMA_Init	16	static
../Core/Src/main.c:538:13:MX_GPIO_Init	48	static
../Core/Src/main.c:574:6:HAL_UART_RxCpltCallback	16	static
../Core/Src/main.c:590:6:Error_Handler	4	static,ignoring_inline_asm
