/Users/42r0n/STM32CubeIDE/workspace_1.11.2/CTU_SR_Zora_MAVLink/Libs/MAVLink/implementation/MAVLinkConvenieceFunctions.h:23:13:mavlink_comm_send_ch	16	static
/Users/42r0n/STM32CubeIDE/workspace_1.11.2/CTU_SR_Zora_MAVLink/Libs/MAVLink/implementation/MAVLinkConvenieceFunctions.h:42:13:mavlink_comm_send_bytes	16	static
/Users/42r0n/STM32CubeIDE/workspace_1.11.2/CTU_SR_Zora_MAVLink/Libs/MAVLink/generated/ctu_sr_illustria_2/../checksum.h:35:20:crc_accumulate	24	static
/Users/42r0n/STM32CubeIDE/workspace_1.11.2/CTU_SR_Zora_MAVLink/Libs/MAVLink/generated/ctu_sr_illustria_2/../checksum.h:52:20:crc_init	16	static
/Users/42r0n/STM32CubeIDE/workspace_1.11.2/CTU_SR_Zora_MAVLink/Libs/MAVLink/generated/ctu_sr_illustria_2/../checksum.h:65:24:crc_calculate	24	static
/Users/42r0n/STM32CubeIDE/workspace_1.11.2/CTU_SR_Zora_MAVLink/Libs/MAVLink/generated/ctu_sr_illustria_2/../checksum.h:85:20:crc_accumulate_buffer	32	static
/Users/42r0n/STM32CubeIDE/workspace_1.11.2/CTU_SR_Zora_MAVLink/Libs/MAVLink/generated/ctu_sr_illustria_2/../mavlink_sha256.h:91:21:mavlink_sha256_init	16	static
/Users/42r0n/STM32CubeIDE/workspace_1.11.2/CTU_SR_Zora_MAVLink/Libs/MAVLink/generated/ctu_sr_illustria_2/../mavlink_sha256.h:105:20:mavlink_sha256_calc	320	static
/Users/42r0n/STM32CubeIDE/workspace_1.11.2/CTU_SR_Zora_MAVLink/Libs/MAVLink/generated/ctu_sr_illustria_2/../mavlink_sha256.h:152:21:mavlink_sha256_update	120	static
/Users/42r0n/STM32CubeIDE/workspace_1.11.2/CTU_SR_Zora_MAVLink/Libs/MAVLink/generated/ctu_sr_illustria_2/../mavlink_sha256.h:192:21:mavlink_sha256_final_48	104	static
/Users/42r0n/STM32CubeIDE/workspace_1.11.2/CTU_SR_Zora_MAVLink/Libs/MAVLink/generated/ctu_sr_illustria_2/../mavlink_helpers.h:23:34:mavlink_get_channel_status	16	static
/Users/42r0n/STM32CubeIDE/workspace_1.11.2/CTU_SR_Zora_MAVLink/Libs/MAVLink/generated/ctu_sr_illustria_2/../mavlink_helpers.h:39:35:mavlink_get_channel_buffer	16	static
/Users/42r0n/STM32CubeIDE/workspace_1.11.2/CTU_SR_Zora_MAVLink/Libs/MAVLink/generated/ctu_sr_illustria_2/../mavlink_helpers.h:73:24:mavlink_sign_packet	144	static
/Users/42r0n/STM32CubeIDE/workspace_1.11.2/CTU_SR_Zora_MAVLink/Libs/MAVLink/generated/ctu_sr_illustria_2/../mavlink_helpers.h:111:24:_mav_trim_payload	16	static
/Users/42r0n/STM32CubeIDE/workspace_1.11.2/CTU_SR_Zora_MAVLink/Libs/MAVLink/generated/ctu_sr_illustria_2/../mavlink_helpers.h:123:21:mavlink_signature_check	184	static
/Users/42r0n/STM32CubeIDE/workspace_1.11.2/CTU_SR_Zora_MAVLink/Libs/MAVLink/generated/ctu_sr_illustria_2/../mavlink_helpers.h:308:20:_mav_parse_error	16	static
/Users/42r0n/STM32CubeIDE/workspace_1.11.2/CTU_SR_Zora_MAVLink/Libs/MAVLink/generated/ctu_sr_illustria_2/../mavlink_helpers.h:319:21:_mav_finalize_message_chan_send	376	static
/Users/42r0n/STM32CubeIDE/workspace_1.11.2/CTU_SR_Zora_MAVLink/Libs/MAVLink/generated/ctu_sr_illustria_2/../mavlink_helpers.h:518:21:mavlink_start_checksum	24	static
/Users/42r0n/STM32CubeIDE/workspace_1.11.2/CTU_SR_Zora_MAVLink/Libs/MAVLink/generated/ctu_sr_illustria_2/../mavlink_helpers.h:525:21:mavlink_update_checksum	24	static
/Users/42r0n/STM32CubeIDE/workspace_1.11.2/CTU_SR_Zora_MAVLink/Libs/MAVLink/generated/ctu_sr_illustria_2/../mavlink_helpers.h:536:43:mavlink_get_msg_entry	32	static
/Users/42r0n/STM32CubeIDE/workspace_1.11.2/CTU_SR_Zora_MAVLink/Libs/MAVLink/generated/ctu_sr_illustria_2/../mavlink_helpers.h:608:24:mavlink_frame_char_buffer	40	static
/Users/42r0n/STM32CubeIDE/workspace_1.11.2/CTU_SR_Zora_MAVLink/Libs/MAVLink/generated/ctu_sr_illustria_2/../mavlink_helpers.h:930:24:mavlink_frame_char	40	static
/Users/42r0n/STM32CubeIDE/workspace_1.11.2/CTU_SR_Zora_MAVLink/Libs/MAVLink/generated/ctu_sr_illustria_2/../mavlink_helpers.h:1008:24:mavlink_parse_char	40	static
/Users/42r0n/STM32CubeIDE/workspace_1.11.2/CTU_SR_Zora_MAVLink/Libs/MAVLink/generated/ctu_sr_illustria_2/../mavlink_helpers.h:1154:21:_mavlink_send_uart	16	static
/Users/42r0n/STM32CubeIDE/workspace_1.11.2/CTU_SR_Zora_MAVLink/Libs/MAVLink/generated/ctu_sr_illustria_2/./mavlink_msg_heartbeat.h:207:20:mavlink_msg_heartbeat_send_struct	24	static
/Users/42r0n/STM32CubeIDE/workspace_1.11.2/CTU_SR_Zora_MAVLink/Libs/MAVLink/generated/ctu_sr_illustria_2/./mavlink_msg_heartbeat.h:321:20:mavlink_msg_heartbeat_decode	24	static
/Users/42r0n/STM32CubeIDE/workspace_1.11.2/CTU_SR_Zora_MAVLink/Libs/MAVLink/generated/ctu_sr_illustria_2/./mavlink_msg_zora_led_status.h:174:20:mavlink_msg_zora_led_status_send_struct	24	static
/Users/42r0n/STM32CubeIDE/workspace_1.11.2/CTU_SR_Zora_MAVLink/Libs/MAVLink/generated/ctu_sr_illustria_2/./mavlink_msg_command_long.h:444:20:mavlink_msg_command_long_decode	24	static
/Users/42r0n/STM32CubeIDE/workspace_1.11.2/CTU_SR_Zora_MAVLink/Libs/MAVLink/generated/ctu_sr_illustria_2/./mavlink_msg_command_ack.h:210:20:mavlink_msg_command_ack_send_struct	24	static
/Users/42r0n/STM32CubeIDE/workspace_1.11.2/CTU_SR_Zora_MAVLink/Libs/MAVLink/generated/ctu_sr_illustria_2/./mavlink_msg_protocol_version.h:193:20:mavlink_msg_protocol_version_send_struct	24	static
/Users/42r0n/STM32CubeIDE/workspace_1.11.2/CTU_SR_Zora_MAVLink/Libs/MAVLink/generated/ctu_sr_illustria_2/./mavlink_msg_protocol_version.h:293:20:mavlink_msg_protocol_version_decode	24	static
/Users/42r0n/STM32CubeIDE/workspace_1.11.2/CTU_SR_Zora_MAVLink/Libs/MAVLink/implementation/MAVLinkCommands.h:9:13:setLEDs	16	static
/Users/42r0n/STM32CubeIDE/workspace_1.11.2/CTU_SR_Zora_MAVLink/Libs/MAVLink/implementation/MAVLinkCommands.h:16:13:MAVlinkSetLEDs	32	static
/Users/42r0n/STM32CubeIDE/workspace_1.11.2/CTU_SR_Zora_MAVLink/Libs/MAVLink/implementation/MAVLinkMessages.h:11:13:MAVlinkWriteLEDstatus	16	static
/Users/42r0n/STM32CubeIDE/workspace_1.11.2/CTU_SR_Zora_MAVLink/Libs/MAVLink/implementation/MAVLinkCommon.h:14:13:MAVLinkSetCurrentSystem	16	static
/Users/42r0n/STM32CubeIDE/workspace_1.11.2/CTU_SR_Zora_MAVLink/Libs/MAVLink/implementation/MAVLinkCommon.h:19:13:MAVlinkWriteHearbeat	24	static
/Users/42r0n/STM32CubeIDE/workspace_1.11.2/CTU_SR_Zora_MAVLink/Libs/MAVLink/implementation/MAVLinkCommon.h:44:13:MAVlinkWriteProtocolVersion	40	static
/Users/42r0n/STM32CubeIDE/workspace_1.11.2/CTU_SR_Zora_MAVLink/Libs/MAVLink/implementation/MAVLinkCommon.h:58:13:MAVLinkHandleLongCommands	24	static
/Users/42r0n/STM32CubeIDE/workspace_1.11.2/CTU_SR_Zora_MAVLink/Libs/MAVLink/implementation/MAVLinkCommon.h:91:13:MAVLinkHandleReceivedMessage	136	static
/Users/42r0n/STM32CubeIDE/workspace_1.11.2/CTU_SR_Zora_MAVLink/Libs/MAVLink/implementation/MAVLinkCommon.h:121:13:MAVLinkParseBuffer	336	static
../Core/Src/main.c:99:5:main	16	static
../Core/Src/main.c:184:6:SystemClock_Config	88	static
../Core/Src/main.c:230:13:MX_ADC1_Init	56	static
../Core/Src/main.c:325:13:MX_FDCAN2_Init	8	static
../Core/Src/main.c:368:13:MX_TIM3_Init	64	static
../Core/Src/main.c:431:13:MX_TIM4_Init	40	static
../Core/Src/main.c:476:13:MX_USART1_UART_Init	8	static
../Core/Src/main.c:522:13:MX_DMA_Init	16	static
../Core/Src/main.c:541:13:MX_GPIO_Init	48	static
../Core/Src/main.c:577:6:HAL_UART_RxCpltCallback	16	static
../Core/Src/main.c:593:6:Error_Handler	4	static,ignoring_inline_asm
