/Users/42r0n/STM32CubeIDE/workspace_1.11.2/CTU_SR_Zora_MAVLink/Libs/MAVLink/implementation/MAVLinkConvenieceFunctions.h:23:13:mavlink_comm_send_ch	2
/Users/42r0n/STM32CubeIDE/workspace_1.11.2/CTU_SR_Zora_MAVLink/Libs/MAVLink/implementation/MAVLinkConvenieceFunctions.h:41:13:mavlink_comm_send_bytes	2
/Users/42r0n/STM32CubeIDE/workspace_1.11.2/CTU_SR_Zora_MAVLink/Libs/MAVLink/generated/ctu_sr_illustria_2/../checksum.h:35:20:crc_accumulate	1
/Users/42r0n/STM32CubeIDE/workspace_1.11.2/CTU_SR_Zora_MAVLink/Libs/MAVLink/generated/ctu_sr_illustria_2/../checksum.h:52:20:crc_init	1
/Users/42r0n/STM32CubeIDE/workspace_1.11.2/CTU_SR_Zora_MAVLink/Libs/MAVLink/generated/ctu_sr_illustria_2/../checksum.h:65:24:crc_calculate	2
/Users/42r0n/STM32CubeIDE/workspace_1.11.2/CTU_SR_Zora_MAVLink/Libs/MAVLink/generated/ctu_sr_illustria_2/../checksum.h:85:20:crc_accumulate_buffer	2
/Users/42r0n/STM32CubeIDE/workspace_1.11.2/CTU_SR_Zora_MAVLink/Libs/MAVLink/generated/ctu_sr_illustria_2/../mavlink_sha256.h:91:21:mavlink_sha256_init	1
/Users/42r0n/STM32CubeIDE/workspace_1.11.2/CTU_SR_Zora_MAVLink/Libs/MAVLink/generated/ctu_sr_illustria_2/../mavlink_sha256.h:105:20:mavlink_sha256_calc	4
/Users/42r0n/STM32CubeIDE/workspace_1.11.2/CTU_SR_Zora_MAVLink/Libs/MAVLink/generated/ctu_sr_illustria_2/../mavlink_sha256.h:152:21:mavlink_sha256_update	6
/Users/42r0n/STM32CubeIDE/workspace_1.11.2/CTU_SR_Zora_MAVLink/Libs/MAVLink/generated/ctu_sr_illustria_2/../mavlink_sha256.h:192:21:mavlink_sha256_final_48	1
/Users/42r0n/STM32CubeIDE/workspace_1.11.2/CTU_SR_Zora_MAVLink/Libs/MAVLink/generated/ctu_sr_illustria_2/../mavlink_helpers.h:23:34:mavlink_get_channel_status	1
/Users/42r0n/STM32CubeIDE/workspace_1.11.2/CTU_SR_Zora_MAVLink/Libs/MAVLink/generated/ctu_sr_illustria_2/../mavlink_helpers.h:39:35:mavlink_get_channel_buffer	1
/Users/42r0n/STM32CubeIDE/workspace_1.11.2/CTU_SR_Zora_MAVLink/Libs/MAVLink/generated/ctu_sr_illustria_2/../mavlink_helpers.h:73:24:mavlink_sign_packet	3
/Users/42r0n/STM32CubeIDE/workspace_1.11.2/CTU_SR_Zora_MAVLink/Libs/MAVLink/generated/ctu_sr_illustria_2/../mavlink_helpers.h:111:24:_mav_trim_payload	3
/Users/42r0n/STM32CubeIDE/workspace_1.11.2/CTU_SR_Zora_MAVLink/Libs/MAVLink/generated/ctu_sr_illustria_2/../mavlink_helpers.h:123:21:mavlink_signature_check	13
/Users/42r0n/STM32CubeIDE/workspace_1.11.2/CTU_SR_Zora_MAVLink/Libs/MAVLink/generated/ctu_sr_illustria_2/../mavlink_helpers.h:223:25:mavlink_finalize_message_buffer	10
/Users/42r0n/STM32CubeIDE/workspace_1.11.2/CTU_SR_Zora_MAVLink/Libs/MAVLink/generated/ctu_sr_illustria_2/../mavlink_helpers.h:292:25:mavlink_finalize_message_chan	1
/Users/42r0n/STM32CubeIDE/workspace_1.11.2/CTU_SR_Zora_MAVLink/Libs/MAVLink/generated/ctu_sr_illustria_2/../mavlink_helpers.h:302:25:mavlink_finalize_message	1
/Users/42r0n/STM32CubeIDE/workspace_1.11.2/CTU_SR_Zora_MAVLink/Libs/MAVLink/generated/ctu_sr_illustria_2/../mavlink_helpers.h:308:20:_mav_parse_error	1
/Users/42r0n/STM32CubeIDE/workspace_1.11.2/CTU_SR_Zora_MAVLink/Libs/MAVLink/generated/ctu_sr_illustria_2/../mavlink_helpers.h:319:21:_mav_finalize_message_chan_send	9
/Users/42r0n/STM32CubeIDE/workspace_1.11.2/CTU_SR_Zora_MAVLink/Libs/MAVLink/generated/ctu_sr_illustria_2/../mavlink_helpers.h:447:25:mavlink_msg_to_send_buffer	4
/Users/42r0n/STM32CubeIDE/workspace_1.11.2/CTU_SR_Zora_MAVLink/Libs/MAVLink/generated/ctu_sr_illustria_2/../mavlink_helpers.h:500:21:mavlink_start_checksum	1
/Users/42r0n/STM32CubeIDE/workspace_1.11.2/CTU_SR_Zora_MAVLink/Libs/MAVLink/generated/ctu_sr_illustria_2/../mavlink_helpers.h:507:21:mavlink_update_checksum	1
/Users/42r0n/STM32CubeIDE/workspace_1.11.2/CTU_SR_Zora_MAVLink/Libs/MAVLink/generated/ctu_sr_illustria_2/../mavlink_helpers.h:518:43:mavlink_get_msg_entry	5
/Users/42r0n/STM32CubeIDE/workspace_1.11.2/CTU_SR_Zora_MAVLink/Libs/MAVLink/generated/ctu_sr_illustria_2/../mavlink_helpers.h:590:24:mavlink_frame_char_buffer	49
/Users/42r0n/STM32CubeIDE/workspace_1.11.2/CTU_SR_Zora_MAVLink/Libs/MAVLink/generated/ctu_sr_illustria_2/../mavlink_helpers.h:912:24:mavlink_frame_char	1
/Users/42r0n/STM32CubeIDE/workspace_1.11.2/CTU_SR_Zora_MAVLink/Libs/MAVLink/generated/ctu_sr_illustria_2/../mavlink_helpers.h:990:24:mavlink_parse_char	4
/Users/42r0n/STM32CubeIDE/workspace_1.11.2/CTU_SR_Zora_MAVLink/Libs/MAVLink/generated/ctu_sr_illustria_2/../mavlink_helpers.h:1136:21:_mavlink_send_uart	1
/Users/42r0n/STM32CubeIDE/workspace_1.11.2/CTU_SR_Zora_MAVLink/Libs/MAVLink/generated/ctu_sr_illustria_2/./mavlink_msg_heartbeat.h:66:24:mavlink_msg_heartbeat_pack	1
/Users/42r0n/STM32CubeIDE/workspace_1.11.2/CTU_SR_Zora_MAVLink/Libs/MAVLink/generated/ctu_sr_illustria_2/./mavlink_msg_heartbeat.h:321:20:mavlink_msg_heartbeat_decode	1
/Users/42r0n/STM32CubeIDE/workspace_1.11.2/CTU_SR_Zora_MAVLink/Libs/MAVLink/generated/ctu_sr_illustria_2/./mavlink_msg_zora_led_status.h:174:20:mavlink_msg_zora_led_status_send_struct	1
/Users/42r0n/STM32CubeIDE/workspace_1.11.2/CTU_SR_Zora_MAVLink/Libs/MAVLink/generated/ctu_sr_illustria_2/./mavlink_msg_command_long.h:444:20:mavlink_msg_command_long_decode	1
/Users/42r0n/STM32CubeIDE/workspace_1.11.2/CTU_SR_Zora_MAVLink/Libs/MAVLink/generated/ctu_sr_illustria_2/./mavlink_msg_protocol_version.h:193:20:mavlink_msg_protocol_version_send_struct	1
/Users/42r0n/STM32CubeIDE/workspace_1.11.2/CTU_SR_Zora_MAVLink/Libs/MAVLink/generated/ctu_sr_illustria_2/./mavlink_msg_protocol_version.h:293:20:mavlink_msg_protocol_version_decode	1
/Users/42r0n/STM32CubeIDE/workspace_1.11.2/CTU_SR_Zora_MAVLink/Libs/MAVLink/implementation/MAVLinkCommands.h:9:13:setLEDs	1
/Users/42r0n/STM32CubeIDE/workspace_1.11.2/CTU_SR_Zora_MAVLink/Libs/MAVLink/implementation/MAVLinkCommands.h:15:13:MAVlinkSetLEDs	1
/Users/42r0n/STM32CubeIDE/workspace_1.11.2/CTU_SR_Zora_MAVLink/Libs/MAVLink/implementation/MAVLinkMessages.h:11:13:MAVlinkWriteLEDstatus	1
/Users/42r0n/STM32CubeIDE/workspace_1.11.2/CTU_SR_Zora_MAVLink/Libs/MAVLink/implementation/MAVLinkCommon.h:14:13:MAVLinkSetCurrentSystem	1
/Users/42r0n/STM32CubeIDE/workspace_1.11.2/CTU_SR_Zora_MAVLink/Libs/MAVLink/implementation/MAVLinkCommon.h:19:13:MAVlinkWriteHearbeat	1
/Users/42r0n/STM32CubeIDE/workspace_1.11.2/CTU_SR_Zora_MAVLink/Libs/MAVLink/implementation/MAVLinkCommon.h:52:13:MAVlinkWriteProtocolVersion	1
/Users/42r0n/STM32CubeIDE/workspace_1.11.2/CTU_SR_Zora_MAVLink/Libs/MAVLink/implementation/MAVLinkCommon.h:66:13:MAVLinkHandleLongCommands	5
/Users/42r0n/STM32CubeIDE/workspace_1.11.2/CTU_SR_Zora_MAVLink/Libs/MAVLink/implementation/MAVLinkCommon.h:99:13:MAVLinkHandleReceivedMessage	5
/Users/42r0n/STM32CubeIDE/workspace_1.11.2/CTU_SR_Zora_MAVLink/Libs/MAVLink/implementation/MAVLinkCommon.h:132:13:MAVLinkParseBuffer	3
../Core/Src/main.c:99:5:main	3
../Core/Src/main.c:184:6:SystemClock_Config	3
../Core/Src/main.c:230:13:MX_ADC1_Init	7
../Core/Src/main.c:325:13:MX_FDCAN2_Init	2
../Core/Src/main.c:368:13:MX_TIM3_Init	7
../Core/Src/main.c:431:13:MX_TIM4_Init	4
../Core/Src/main.c:476:13:MX_USART1_UART_Init	5
../Core/Src/main.c:522:13:MX_DMA_Init	1
../Core/Src/main.c:541:13:MX_GPIO_Init	1
../Core/Src/main.c:577:6:HAL_UART_RxCpltCallback	1
../Core/Src/main.c:593:6:Error_Handler	1
