/Users/42r0n/STM32CubeIDE/workspace_1.11.2/CTU_SR_Zora_MAVLink/Libs/MAVLink/implementation/MAVLinkConvenieceFunctions.h:23:13:mavlink_comm_send_ch	16	static
/Users/42r0n/STM32CubeIDE/workspace_1.11.2/CTU_SR_Zora_MAVLink/Libs/MAVLink/implementation/MAVLinkConvenieceFunctions.h:41:13:mavlink_comm_send_bytes	16	static
/Users/42r0n/STM32CubeIDE/workspace_1.11.2/CTU_SR_Zora_MAVLink/Libs/MAVLink/generated/ctu_sr_illustria_2/../checksum.h:35:20:crc_accumulate	24	static
/Users/42r0n/STM32CubeIDE/workspace_1.11.2/CTU_SR_Zora_MAVLink/Libs/MAVLink/generated/ctu_sr_illustria_2/../checksum.h:52:20:crc_init	16	static
/Users/42r0n/STM32CubeIDE/workspace_1.11.2/CTU_SR_Zora_MAVLink/Libs/MAVLink/generated/ctu_sr_illustria_2/../checksum.h:65:24:crc_calculate	24	static
/Users/42r0n/STM32CubeIDE/workspace_1.11.2/CTU_SR_Zora_MAVLink/Libs/MAVLink/generated/ctu_sr_illustria_2/../checksum.h:85:20:crc_accumulate_buffer	32	static
/Users/42r0n/STM32CubeIDE/workspace_1.11.2/CTU_SR_Zora_MAVLink/Libs/MAVLink/generated/ctu_sr_illustria_2/../mavlink_sha256.h:91:21:mavlink_sha256_init	16	static
/Users/42r0n/STM32CubeIDE/workspace_1.11.2/CTU_SR_Zora_MAVLink/Libs/MAVLink/generated/ctu_sr_illustria_2/../mavlink_sha256.h:105:20:mavlink_sha256_calc	320	static
/Users/42r0n/STM32CubeIDE/workspace_1.11.2/CTU_SR_Zora_MAVLink/Libs/MAVLink/generated/ctu_sr_illustria_2/../mavlink_sha256.h:152:21:mavlink_sha256_update	120	static
/Users/42r0n/STM32CubeIDE/workspace_1.11.2/CTU_SR_Zora_MAVLink/Libs/MAVLink/generated/ctu_sr_illustria_2/../mavlink_sha256.h:192:21:mavlink_sha256_final_48	104	static
/Users/42r0n/STM32CubeIDE/workspace_1.11.2/CTU_SR_Zora_MAVLink/Libs/MAVLink/generated/ctu_sr_illustria_2/../mavlink_helpers.h:23:34:mavlink_get_channel_status	16	static
/Users/42r0n/STM32CubeIDE/workspace_1.11.2/CTU_SR_Zora_MAVLink/Libs/MAVLink/generated/ctu_sr_illustria_2/../mavlink_helpers.h:39:35:mavlink_get_channel_buffer	16	static
/Users/42r0n/STM32CubeIDE/workspace_1.11.2/CTU_SR_Zora_MAVLink/Libs/MAVLink/generated/ctu_sr_illustria_2/../mavlink_helpers.h:73:24:mavlink_sign_packet	144	static
/Users/42r0n/STM32CubeIDE/workspace_1.11.2/CTU_SR_Zora_MAVLink/Libs/MAVLink/generated/ctu_sr_illustria_2/../mavlink_helpers.h:111:24:_mav_trim_payload	16	static
/Users/42r0n/STM32CubeIDE/workspace_1.11.2/CTU_SR_Zora_MAVLink/Libs/MAVLink/generated/ctu_sr_illustria_2/../mavlink_helpers.h:123:21:mavlink_signature_check	184	static
/Users/42r0n/STM32CubeIDE/workspace_1.11.2/CTU_SR_Zora_MAVLink/Libs/MAVLink/generated/ctu_sr_illustria_2/../mavlink_helpers.h:308:20:_mav_parse_error	16	static
/Users/42r0n/STM32CubeIDE/workspace_1.11.2/CTU_SR_Zora_MAVLink/Libs/MAVLink/generated/ctu_sr_illustria_2/../mavlink_helpers.h:319:21:_mav_finalize_message_chan_send	376	static
/Users/42r0n/STM32CubeIDE/workspace_1.11.2/CTU_SR_Zora_MAVLink/Libs/MAVLink/generated/ctu_sr_illustria_2/../mavlink_helpers.h:513:21:mavlink_start_checksum	24	static
/Users/42r0n/STM32CubeIDE/workspace_1.11.2/CTU_SR_Zora_MAVLink/Libs/MAVLink/generated/ctu_sr_illustria_2/../mavlink_helpers.h:520:21:mavlink_update_checksum	24	static
/Users/42r0n/STM32CubeIDE/workspace_1.11.2/CTU_SR_Zora_MAVLink/Libs/MAVLink/generated/ctu_sr_illustria_2/../mavlink_helpers.h:531:43:mavlink_get_msg_entry	32	static
/Users/42r0n/STM32CubeIDE/workspace_1.11.2/CTU_SR_Zora_MAVLink/Libs/MAVLink/generated/ctu_sr_illustria_2/../mavlink_helpers.h:603:24:mavlink_frame_char_buffer	40	static
/Users/42r0n/STM32CubeIDE/workspace_1.11.2/CTU_SR_Zora_MAVLink/Libs/MAVLink/generated/ctu_sr_illustria_2/../mavlink_helpers.h:925:24:mavlink_frame_char	40	static
/Users/42r0n/STM32CubeIDE/workspace_1.11.2/CTU_SR_Zora_MAVLink/Libs/MAVLink/generated/ctu_sr_illustria_2/../mavlink_helpers.h:1003:24:mavlink_parse_char	40	static
/Users/42r0n/STM32CubeIDE/workspace_1.11.2/CTU_SR_Zora_MAVLink/Libs/MAVLink/generated/ctu_sr_illustria_2/../mavlink_helpers.h:1149:21:_mavlink_send_uart	16	static
/Users/42r0n/STM32CubeIDE/workspace_1.11.2/CTU_SR_Zora_MAVLink/Libs/MAVLink/generated/ctu_sr_illustria_2/./mavlink_msg_heartbeat.h:207:20:mavlink_msg_heartbeat_send_struct	24	static
/Users/42r0n/STM32CubeIDE/workspace_1.11.2/CTU_SR_Zora_MAVLink/Libs/MAVLink/generated/ctu_sr_illustria_2/./mavlink_msg_heartbeat.h:321:20:mavlink_msg_heartbeat_decode	24	static
/Users/42r0n/STM32CubeIDE/workspace_1.11.2/CTU_SR_Zora_MAVLink/Libs/MAVLink/generated/ctu_sr_illustria_2/./mavlink_msg_zora_led_status.h:174:20:mavlink_msg_zora_led_status_send_struct	24	static
/Users/42r0n/STM32CubeIDE/workspace_1.11.2/CTU_SR_Zora_MAVLink/Libs/MAVLink/generated/ctu_sr_illustria_2/./mavlink_msg_command_long.h:444:20:mavlink_msg_command_long_decode	24	static
/Users/42r0n/STM32CubeIDE/workspace_1.11.2/CTU_SR_Zora_MAVLink/Libs/MAVLink/generated/ctu_sr_illustria_2/./mavlink_msg_protocol_version.h:193:20:mavlink_msg_protocol_version_send_struct	24	static
/Users/42r0n/STM32CubeIDE/workspace_1.11.2/CTU_SR_Zora_MAVLink/Libs/MAVLink/generated/ctu_sr_illustria_2/./mavlink_msg_protocol_version.h:293:20:mavlink_msg_protocol_version_decode	24	static
/Users/42r0n/STM32CubeIDE/workspace_1.11.2/CTU_SR_Zora_MAVLink/Libs/MAVLink/implementation/MAVLinkCommands.h:9:13:setLEDs	16	static
/Users/42r0n/STM32CubeIDE/workspace_1.11.2/CTU_SR_Zora_MAVLink/Libs/MAVLink/implementation/MAVLinkCommands.h:15:13:MAVlinkSetLEDs	16	static
/Users/42r0n/STM32CubeIDE/workspace_1.11.2/CTU_SR_Zora_MAVLink/Libs/MAVLink/implementation/MAVLinkMessages.h:11:13:MAVlinkWriteLEDstatus	16	static
/Users/42r0n/STM32CubeIDE/workspace_1.11.2/CTU_SR_Zora_MAVLink/Libs/MAVLink/implementation/MAVLinkCommon.h:14:13:MAVLinkSetCurrentSystem	16	static
/Users/42r0n/STM32CubeIDE/workspace_1.11.2/CTU_SR_Zora_MAVLink/Libs/MAVLink/implementation/MAVLinkCommon.h:19:13:MAVlinkWriteHearbeat	24	static
/Users/42r0n/STM32CubeIDE/workspace_1.11.2/CTU_SR_Zora_MAVLink/Libs/MAVLink/implementation/MAVLinkCommon.h:34:13:MAVlinkWriteProtocolVersion	40	static
/Users/42r0n/STM32CubeIDE/workspace_1.11.2/CTU_SR_Zora_MAVLink/Libs/MAVLink/implementation/MAVLinkCommon.h:48:13:MAVLinkHandleLongCommands	24	static
/Users/42r0n/STM32CubeIDE/workspace_1.11.2/CTU_SR_Zora_MAVLink/Libs/MAVLink/implementation/MAVLinkCommon.h:81:13:MAVLinkHandleReceivedMessage	136	static
/Users/42r0n/STM32CubeIDE/workspace_1.11.2/CTU_SR_Zora_MAVLink/Libs/MAVLink/implementation/MAVLinkCommon.h:114:13:MAVLinkParseBuffer	336	static
../Core/Src/stm32g4xx_it.c:75:6:NMI_Handler	4	static
../Core/Src/stm32g4xx_it.c:90:6:HardFault_Handler	4	static
../Core/Src/stm32g4xx_it.c:105:6:MemManage_Handler	4	static
../Core/Src/stm32g4xx_it.c:120:6:BusFault_Handler	4	static
../Core/Src/stm32g4xx_it.c:135:6:UsageFault_Handler	4	static
../Core/Src/stm32g4xx_it.c:150:6:SVC_Handler	4	static
../Core/Src/stm32g4xx_it.c:163:6:DebugMon_Handler	4	static
../Core/Src/stm32g4xx_it.c:176:6:PendSV_Handler	4	static
../Core/Src/stm32g4xx_it.c:189:6:SysTick_Handler	8	static
../Core/Src/stm32g4xx_it.c:210:6:DMA1_Channel1_IRQHandler	8	static
../Core/Src/stm32g4xx_it.c:224:6:TIM3_IRQHandler	8	static
../Core/Src/stm32g4xx_it.c:238:6:TIM4_IRQHandler	8	static
../Core/Src/stm32g4xx_it.c:252:6:USART1_IRQHandler	8	static
../Core/Src/stm32g4xx_it.c:284:6:FDCAN2_IT0_IRQHandler	8	static
